running egg_info
creating ../../build/gps_simulator/gps_simulator.egg-info
writing ../../build/gps_simulator/gps_simulator.egg-info/PKG-INFO
writing dependency_links to ../../build/gps_simulator/gps_simulator.egg-info/dependency_links.txt
writing entry points to ../../build/gps_simulator/gps_simulator.egg-info/entry_points.txt
writing requirements to ../../build/gps_simulator/gps_simulator.egg-info/requires.txt
writing top-level names to ../../build/gps_simulator/gps_simulator.egg-info/top_level.txt
writing manifest file '../../build/gps_simulator/gps_simulator.egg-info/SOURCES.txt'
reading manifest file '../../build/gps_simulator/gps_simulator.egg-info/SOURCES.txt'
adding license file 'LICENCE'
writing manifest file '../../build/gps_simulator/gps_simulator.egg-info/SOURCES.txt'
running build
running build_py
creating /root/ros_ws/build/gps_simulator/build
creating /root/ros_ws/build/gps_simulator/build/lib
creating /root/ros_ws/build/gps_simulator/build/lib/gps_simulator
copying gps_simulator/gps_real_node.py -> /root/ros_ws/build/gps_simulator/build/lib/gps_simulator
copying gps_simulator/__init__.py -> /root/ros_ws/build/gps_simulator/build/lib/gps_simulator
copying gps_simulator/gps_simulator_node.py -> /root/ros_ws/build/gps_simulator/build/lib/gps_simulator
running install
running install_lib
creating /root/ros_ws/install/gps_simulator/lib/python3.10/site-packages/gps_simulator
copying /root/ros_ws/build/gps_simulator/build/lib/gps_simulator/gps_real_node.py -> /root/ros_ws/install/gps_simulator/lib/python3.10/site-packages/gps_simulator
copying /root/ros_ws/build/gps_simulator/build/lib/gps_simulator/__init__.py -> /root/ros_ws/install/gps_simulator/lib/python3.10/site-packages/gps_simulator
copying /root/ros_ws/build/gps_simulator/build/lib/gps_simulator/gps_simulator_node.py -> /root/ros_ws/install/gps_simulator/lib/python3.10/site-packages/gps_simulator
byte-compiling /root/ros_ws/install/gps_simulator/lib/python3.10/site-packages/gps_simulator/gps_real_node.py to gps_real_node.cpython-310.pyc
byte-compiling /root/ros_ws/install/gps_simulator/lib/python3.10/site-packages/gps_simulator/__init__.py to __init__.cpython-310.pyc
byte-compiling /root/ros_ws/install/gps_simulator/lib/python3.10/site-packages/gps_simulator/gps_simulator_node.py to gps_simulator_node.cpython-310.pyc
running install_data
creating /root/ros_ws/install/gps_simulator/share/ament_index
creating /root/ros_ws/install/gps_simulator/share/ament_index/resource_index
creating /root/ros_ws/install/gps_simulator/share/ament_index/resource_index/packages
copying resource/gps_simulator -> /root/ros_ws/install/gps_simulator/share/ament_index/resource_index/packages
copying package.xml -> /root/ros_ws/install/gps_simulator/share/gps_simulator
running install_egg_info
Copying ../../build/gps_simulator/gps_simulator.egg-info to /root/ros_ws/install/gps_simulator/lib/python3.10/site-packages/gps_simulator-0.0.0-py3.10.egg-info
running install_scripts
Installing gps_real script to /root/ros_ws/install/gps_simulator/lib/gps_simulator
Installing gps_simulator script to /root/ros_ws/install/gps_simulator/lib/gps_simulator
writing list of installed files to '/root/ros_ws/build/gps_simulator/install.log'
