running egg_info
writing ../../build/watchdog_monitoring/watchdog_monitoring.egg-info/PKG-INFO
writing dependency_links to ../../build/watchdog_monitoring/watchdog_monitoring.egg-info/dependency_links.txt
writing entry points to ../../build/watchdog_monitoring/watchdog_monitoring.egg-info/entry_points.txt
writing requirements to ../../build/watchdog_monitoring/watchdog_monitoring.egg-info/requires.txt
writing top-level names to ../../build/watchdog_monitoring/watchdog_monitoring.egg-info/top_level.txt
reading manifest file '../../build/watchdog_monitoring/watchdog_monitoring.egg-info/SOURCES.txt'
writing manifest file '../../build/watchdog_monitoring/watchdog_monitoring.egg-info/SOURCES.txt'
running build
running build_py
copying watchdog_monitoring/watchdog_node.py -> /root/ros_ws/build/watchdog_monitoring/build/lib/watchdog_monitoring
running install
running install_lib
copying /root/ros_ws/build/watchdog_monitoring/build/lib/watchdog_monitoring/watchdog_node.py -> /root/ros_ws/install/watchdog_monitoring/lib/python3.10/site-packages/watchdog_monitoring
byte-compiling /root/ros_ws/install/watchdog_monitoring/lib/python3.10/site-packages/watchdog_monitoring/watchdog_node.py to watchdog_node.cpython-310.pyc
running install_data
running install_egg_info
removing '/root/ros_ws/install/watchdog_monitoring/lib/python3.10/site-packages/watchdog_monitoring-0.0.0-py3.10.egg-info' (and everything under it)
Copying ../../build/watchdog_monitoring/watchdog_monitoring.egg-info to /root/ros_ws/install/watchdog_monitoring/lib/python3.10/site-packages/watchdog_monitoring-0.0.0-py3.10.egg-info
running install_scripts
Installing watchdog_node script to /root/ros_ws/install/watchdog_monitoring/lib/watchdog_monitoring
writing list of installed files to '/root/ros_ws/build/watchdog_monitoring/install.log'
