running egg_info
writing ../../build/gps_simulator/gps_simulator.egg-info/PKG-INFO
writing dependency_links to ../../build/gps_simulator/gps_simulator.egg-info/dependency_links.txt
writing entry points to ../../build/gps_simulator/gps_simulator.egg-info/entry_points.txt
writing requirements to ../../build/gps_simulator/gps_simulator.egg-info/requires.txt
writing top-level names to ../../build/gps_simulator/gps_simulator.egg-info/top_level.txt
reading manifest file '../../build/gps_simulator/gps_simulator.egg-info/SOURCES.txt'
adding license file 'LICENCE'
writing manifest file '../../build/gps_simulator/gps_simulator.egg-info/SOURCES.txt'
running build
running build_py
running install
running install_lib
running install_data
running install_egg_info
removing '/root/ros_ws/install/gps_simulator/lib/python3.10/site-packages/gps_simulator-0.0.0-py3.10.egg-info' (and everything under it)
Copying ../../build/gps_simulator/gps_simulator.egg-info to /root/ros_ws/install/gps_simulator/lib/python3.10/site-packages/gps_simulator-0.0.0-py3.10.egg-info
running install_scripts
Installing gps_real script to /root/ros_ws/install/gps_simulator/lib/gps_simulator
Installing gps_simulator script to /root/ros_ws/install/gps_simulator/lib/gps_simulator
writing list of installed files to '/root/ros_ws/build/gps_simulator/install.log'
