[1.222s] Invoking command in '/root/ros_ws/src/gps_simulator': PYTHONPATH=/root/ros_ws/build/gps_simulator/prefix_override:/usr/lib/python3/dist-packages/colcon_core/task/python/colcon_distutils_commands:/root/ros_ws/install/gps_simulator/lib/python3.10/site-packages:${PYTHONPATH} /usr/bin/python3 -W ignore:setup.py install is deprecated -W ignore:easy_install command is deprecated setup.py egg_info --egg-base ../../build/gps_simulator build --build-base /root/ros_ws/build/gps_simulator/build install --record /root/ros_ws/build/gps_simulator/install.log --single-version-externally-managed install_data
[1.480s] running egg_info
[1.480s] writing ../../build/gps_simulator/gps_simulator.egg-info/PKG-INFO
[1.480s] writing dependency_links to ../../build/gps_simulator/gps_simulator.egg-info/dependency_links.txt
[1.481s] writing entry points to ../../build/gps_simulator/gps_simulator.egg-info/entry_points.txt
[1.482s] writing requirements to ../../build/gps_simulator/gps_simulator.egg-info/requires.txt
[1.483s] writing top-level names to ../../build/gps_simulator/gps_simulator.egg-info/top_level.txt
[1.486s] reading manifest file '../../build/gps_simulator/gps_simulator.egg-info/SOURCES.txt'
[1.486s] adding license file 'LICENCE'
[1.487s] writing manifest file '../../build/gps_simulator/gps_simulator.egg-info/SOURCES.txt'
[1.487s] running build
[1.487s] running build_py
[1.490s] running install
[1.491s] running install_lib
[1.491s] running install_data
[1.491s] running install_egg_info
[1.493s] removing '/root/ros_ws/install/gps_simulator/lib/python3.10/site-packages/gps_simulator-0.0.0-py3.10.egg-info' (and everything under it)
[1.493s] Copying ../../build/gps_simulator/gps_simulator.egg-info to /root/ros_ws/install/gps_simulator/lib/python3.10/site-packages/gps_simulator-0.0.0-py3.10.egg-info
[1.494s] running install_scripts
[1.524s] Installing gps_real script to /root/ros_ws/install/gps_simulator/lib/gps_simulator
[1.524s] Installing gps_simulator script to /root/ros_ws/install/gps_simulator/lib/gps_simulator
[1.525s] writing list of installed files to '/root/ros_ws/build/gps_simulator/install.log'
[1.606s] Invoked command in '/root/ros_ws/src/gps_simulator' returned '0': PYTHONPATH=/root/ros_ws/build/gps_simulator/prefix_override:/usr/lib/python3/dist-packages/colcon_core/task/python/colcon_distutils_commands:/root/ros_ws/install/gps_simulator/lib/python3.10/site-packages:${PYTHONPATH} /usr/bin/python3 -W ignore:setup.py install is deprecated -W ignore:easy_install command is deprecated setup.py egg_info --egg-base ../../build/gps_simulator build --build-base /root/ros_ws/build/gps_simulator/build install --record /root/ros_ws/build/gps_simulator/install.log --single-version-externally-managed install_data
