running egg_info
writing ../../build/node_consigne/node_consigne.egg-info/PKG-INFO
writing dependency_links to ../../build/node_consigne/node_consigne.egg-info/dependency_links.txt
writing entry points to ../../build/node_consigne/node_consigne.egg-info/entry_points.txt
writing requirements to ../../build/node_consigne/node_consigne.egg-info/requires.txt
writing top-level names to ../../build/node_consigne/node_consigne.egg-info/top_level.txt
reading manifest file '../../build/node_consigne/node_consigne.egg-info/SOURCES.txt'
writing manifest file '../../build/node_consigne/node_consigne.egg-info/SOURCES.txt'
running build
running build_py
copying node_consigne/node_consigne.py -> /root/ros_ws/build/node_consigne/build/lib/node_consigne
running install
running install_lib
copying /root/ros_ws/build/node_consigne/build/lib/node_consigne/node_consigne.py -> /root/ros_ws/install/node_consigne/lib/python3.10/site-packages/node_consigne
byte-compiling /root/ros_ws/install/node_consigne/lib/python3.10/site-packages/node_consigne/node_consigne.py to node_consigne.cpython-310.pyc
running install_data
running install_egg_info
removing '/root/ros_ws/install/node_consigne/lib/python3.10/site-packages/node_consigne-0.0.0-py3.10.egg-info' (and everything under it)
Copying ../../build/node_consigne/node_consigne.egg-info to /root/ros_ws/install/node_consigne/lib/python3.10/site-packages/node_consigne-0.0.0-py3.10.egg-info
running install_scripts
Installing node_consigne script to /root/ros_ws/install/node_consigne/lib/node_consigne
writing list of installed files to '/root/ros_ws/build/node_consigne/install.log'
