[0.618s] Invoking command in '/root/ros_ws/src/node_consigne': PYTHONPATH=/root/ros_ws/build/node_consigne/prefix_override:/usr/lib/python3/dist-packages/colcon_core/task/python/colcon_distutils_commands:/root/ros_ws/install/node_consigne/lib/python3.10/site-packages:${PYTHONPATH} /usr/bin/python3 -W ignore:setup.py install is deprecated -W ignore:easy_install command is deprecated setup.py egg_info --egg-base ../../build/node_consigne build --build-base /root/ros_ws/build/node_consigne/build install --record /root/ros_ws/build/node_consigne/install.log --single-version-externally-managed install_data
[0.834s] running egg_info
[0.835s] writing ../../build/node_consigne/node_consigne.egg-info/PKG-INFO
[0.835s] writing dependency_links to ../../build/node_consigne/node_consigne.egg-info/dependency_links.txt
[0.836s] writing entry points to ../../build/node_consigne/node_consigne.egg-info/entry_points.txt
[0.837s] writing requirements to ../../build/node_consigne/node_consigne.egg-info/requires.txt
[0.838s] writing top-level names to ../../build/node_consigne/node_consigne.egg-info/top_level.txt
[0.841s] reading manifest file '../../build/node_consigne/node_consigne.egg-info/SOURCES.txt'
[0.842s] writing manifest file '../../build/node_consigne/node_consigne.egg-info/SOURCES.txt'
[0.842s] running build
[0.842s] running build_py
[0.842s] copying node_consigne/node_consigne.py -> /root/ros_ws/build/node_consigne/build/lib/node_consigne
[0.842s] running install
[0.843s] running install_lib
[0.843s] copying /root/ros_ws/build/node_consigne/build/lib/node_consigne/node_consigne.py -> /root/ros_ws/install/node_consigne/lib/python3.10/site-packages/node_consigne
[0.844s] byte-compiling /root/ros_ws/install/node_consigne/lib/python3.10/site-packages/node_consigne/node_consigne.py to node_consigne.cpython-310.pyc
[0.846s] running install_data
[0.846s] running install_egg_info
[0.848s] removing '/root/ros_ws/install/node_consigne/lib/python3.10/site-packages/node_consigne-0.0.0-py3.10.egg-info' (and everything under it)
[0.848s] Copying ../../build/node_consigne/node_consigne.egg-info to /root/ros_ws/install/node_consigne/lib/python3.10/site-packages/node_consigne-0.0.0-py3.10.egg-info
[0.849s] running install_scripts
[0.874s] Installing node_consigne script to /root/ros_ws/install/node_consigne/lib/node_consigne
[0.874s] writing list of installed files to '/root/ros_ws/build/node_consigne/install.log'
[0.924s] Invoked command in '/root/ros_ws/src/node_consigne' returned '0': PYTHONPATH=/root/ros_ws/build/node_consigne/prefix_override:/usr/lib/python3/dist-packages/colcon_core/task/python/colcon_distutils_commands:/root/ros_ws/install/node_consigne/lib/python3.10/site-packages:${PYTHONPATH} /usr/bin/python3 -W ignore:setup.py install is deprecated -W ignore:easy_install command is deprecated setup.py egg_info --egg-base ../../build/node_consigne build --build-base /root/ros_ws/build/node_consigne/build install --record /root/ros_ws/build/node_consigne/install.log --single-version-externally-managed install_data
