[2.282s] Invoking command in '/root/ros_ws/src/node_consigne': PYTHONPATH=/root/ros_ws/build/node_consigne/prefix_override:/usr/lib/python3/dist-packages/colcon_core/task/python/colcon_distutils_commands:/root/ros_ws/install/node_consigne/lib/python3.10/site-packages:${PYTHONPATH} /usr/bin/python3 -W ignore:setup.py install is deprecated -W ignore:easy_install command is deprecated setup.py egg_info --egg-base ../../build/node_consigne build --build-base /root/ros_ws/build/node_consigne/build install --record /root/ros_ws/build/node_consigne/install.log --single-version-externally-managed install_data
[2.766s] running egg_info
[2.768s] writing ../../build/node_consigne/node_consigne.egg-info/PKG-INFO
[2.770s] writing dependency_links to ../../build/node_consigne/node_consigne.egg-info/dependency_links.txt
[2.774s] writing entry points to ../../build/node_consigne/node_consigne.egg-info/entry_points.txt
[2.782s] writing requirements to ../../build/node_consigne/node_consigne.egg-info/requires.txt
[2.782s] writing top-level names to ../../build/node_consigne/node_consigne.egg-info/top_level.txt
[2.803s] reading manifest file '../../build/node_consigne/node_consigne.egg-info/SOURCES.txt'
[2.809s] writing manifest file '../../build/node_consigne/node_consigne.egg-info/SOURCES.txt'
[2.810s] running build
[2.810s] running build_py
[2.810s] running install
[2.810s] running install_lib
[2.811s] running install_data
[2.815s] running install_egg_info
[2.816s] removing '/root/ros_ws/install/node_consigne/lib/python3.10/site-packages/node_consigne-0.0.0-py3.10.egg-info' (and everything under it)
[2.816s] Copying ../../build/node_consigne/node_consigne.egg-info to /root/ros_ws/install/node_consigne/lib/python3.10/site-packages/node_consigne-0.0.0-py3.10.egg-info
[2.816s] running install_scripts
[2.854s] Installing node_consigne script to /root/ros_ws/install/node_consigne/lib/node_consigne
[2.855s] writing list of installed files to '/root/ros_ws/build/node_consigne/install.log'
[2.974s] Invoked command in '/root/ros_ws/src/node_consigne' returned '0': PYTHONPATH=/root/ros_ws/build/node_consigne/prefix_override:/usr/lib/python3/dist-packages/colcon_core/task/python/colcon_distutils_commands:/root/ros_ws/install/node_consigne/lib/python3.10/site-packages:${PYTHONPATH} /usr/bin/python3 -W ignore:setup.py install is deprecated -W ignore:easy_install command is deprecated setup.py egg_info --egg-base ../../build/node_consigne build --build-base /root/ros_ws/build/node_consigne/build install --record /root/ros_ws/build/node_consigne/install.log --single-version-externally-managed install_data
