running egg_info
creating ../../build/watchdog_monitoring/watchdog_monitoring.egg-info
writing ../../build/watchdog_monitoring/watchdog_monitoring.egg-info/PKG-INFO
writing dependency_links to ../../build/watchdog_monitoring/watchdog_monitoring.egg-info/dependency_links.txt
writing entry points to ../../build/watchdog_monitoring/watchdog_monitoring.egg-info/entry_points.txt
writing requirements to ../../build/watchdog_monitoring/watchdog_monitoring.egg-info/requires.txt
writing top-level names to ../../build/watchdog_monitoring/watchdog_monitoring.egg-info/top_level.txt
writing manifest file '../../build/watchdog_monitoring/watchdog_monitoring.egg-info/SOURCES.txt'
reading manifest file '../../build/watchdog_monitoring/watchdog_monitoring.egg-info/SOURCES.txt'
writing manifest file '../../build/watchdog_monitoring/watchdog_monitoring.egg-info/SOURCES.txt'
running build
running build_py
creating /root/ros_ws/build/watchdog_monitoring/build
creating /root/ros_ws/build/watchdog_monitoring/build/lib
creating /root/ros_ws/build/watchdog_monitoring/build/lib/watchdog_monitoring
copying watchdog_monitoring/__init__.py -> /root/ros_ws/build/watchdog_monitoring/build/lib/watchdog_monitoring
copying watchdog_monitoring/watchdog_node.py -> /root/ros_ws/build/watchdog_monitoring/build/lib/watchdog_monitoring
running install
running install_lib
creating /root/ros_ws/install/watchdog_monitoring/lib/python3.10/site-packages/watchdog_monitoring
copying /root/ros_ws/build/watchdog_monitoring/build/lib/watchdog_monitoring/__init__.py -> /root/ros_ws/install/watchdog_monitoring/lib/python3.10/site-packages/watchdog_monitoring
copying /root/ros_ws/build/watchdog_monitoring/build/lib/watchdog_monitoring/watchdog_node.py -> /root/ros_ws/install/watchdog_monitoring/lib/python3.10/site-packages/watchdog_monitoring
byte-compiling /root/ros_ws/install/watchdog_monitoring/lib/python3.10/site-packages/watchdog_monitoring/__init__.py to __init__.cpython-310.pyc
byte-compiling /root/ros_ws/install/watchdog_monitoring/lib/python3.10/site-packages/watchdog_monitoring/watchdog_node.py to watchdog_node.cpython-310.pyc
running install_data
creating /root/ros_ws/install/watchdog_monitoring/share/ament_index
creating /root/ros_ws/install/watchdog_monitoring/share/ament_index/resource_index
creating /root/ros_ws/install/watchdog_monitoring/share/ament_index/resource_index/packages
copying resource/watchdog_monitoring -> /root/ros_ws/install/watchdog_monitoring/share/ament_index/resource_index/packages
copying package.xml -> /root/ros_ws/install/watchdog_monitoring/share/watchdog_monitoring
running install_egg_info
Copying ../../build/watchdog_monitoring/watchdog_monitoring.egg-info to /root/ros_ws/install/watchdog_monitoring/lib/python3.10/site-packages/watchdog_monitoring-0.0.0-py3.10.egg-info
running install_scripts
Installing watchdog_node script to /root/ros_ws/install/watchdog_monitoring/lib/watchdog_monitoring
writing list of installed files to '/root/ros_ws/build/watchdog_monitoring/install.log'
