[0.906s] Invoking command in '/root/ros_ws/monitorWatchdog/src': PYTHONPATH=/root/ros_ws/build/watchdog_monitoring/prefix_override:/usr/lib/python3/dist-packages/colcon_core/task/python/colcon_distutils_commands:/root/ros_ws/install/watchdog_monitoring/lib/python3.10/site-packages:${PYTHONPATH} /usr/bin/python3 -W ignore:setup.py install is deprecated -W ignore:easy_install command is deprecated setup.py egg_info --egg-base ../../build/watchdog_monitoring build --build-base /root/ros_ws/build/watchdog_monitoring/build install --record /root/ros_ws/build/watchdog_monitoring/install.log --single-version-externally-managed install_data
[1.146s] running egg_info
[1.146s] creating ../../build/watchdog_monitoring/watchdog_monitoring.egg-info
[1.147s] writing ../../build/watchdog_monitoring/watchdog_monitoring.egg-info/PKG-INFO
[1.147s] writing dependency_links to ../../build/watchdog_monitoring/watchdog_monitoring.egg-info/dependency_links.txt
[1.147s] writing entry points to ../../build/watchdog_monitoring/watchdog_monitoring.egg-info/entry_points.txt
[1.147s] writing requirements to ../../build/watchdog_monitoring/watchdog_monitoring.egg-info/requires.txt
[1.147s] writing top-level names to ../../build/watchdog_monitoring/watchdog_monitoring.egg-info/top_level.txt
[1.148s] writing manifest file '../../build/watchdog_monitoring/watchdog_monitoring.egg-info/SOURCES.txt'
[1.150s] reading manifest file '../../build/watchdog_monitoring/watchdog_monitoring.egg-info/SOURCES.txt'
[1.151s] writing manifest file '../../build/watchdog_monitoring/watchdog_monitoring.egg-info/SOURCES.txt'
[1.152s] running build
[1.152s] running build_py
[1.152s] creating /root/ros_ws/build/watchdog_monitoring/build
[1.152s] creating /root/ros_ws/build/watchdog_monitoring/build/lib
[1.152s] creating /root/ros_ws/build/watchdog_monitoring/build/lib/watchdog_monitoring
[1.152s] copying watchdog_monitoring/__init__.py -> /root/ros_ws/build/watchdog_monitoring/build/lib/watchdog_monitoring
[1.152s] copying watchdog_monitoring/watchdog_node.py -> /root/ros_ws/build/watchdog_monitoring/build/lib/watchdog_monitoring
[1.153s] running install
[1.153s] running install_lib
[1.154s] creating /root/ros_ws/install/watchdog_monitoring/lib/python3.10/site-packages/watchdog_monitoring
[1.154s] copying /root/ros_ws/build/watchdog_monitoring/build/lib/watchdog_monitoring/__init__.py -> /root/ros_ws/install/watchdog_monitoring/lib/python3.10/site-packages/watchdog_monitoring
[1.155s] copying /root/ros_ws/build/watchdog_monitoring/build/lib/watchdog_monitoring/watchdog_node.py -> /root/ros_ws/install/watchdog_monitoring/lib/python3.10/site-packages/watchdog_monitoring
[1.155s] byte-compiling /root/ros_ws/install/watchdog_monitoring/lib/python3.10/site-packages/watchdog_monitoring/__init__.py to __init__.cpython-310.pyc
[1.156s] byte-compiling /root/ros_ws/install/watchdog_monitoring/lib/python3.10/site-packages/watchdog_monitoring/watchdog_node.py to watchdog_node.cpython-310.pyc
[1.157s] running install_data
[1.157s] creating /root/ros_ws/install/watchdog_monitoring/share/ament_index
[1.157s] creating /root/ros_ws/install/watchdog_monitoring/share/ament_index/resource_index
[1.157s] creating /root/ros_ws/install/watchdog_monitoring/share/ament_index/resource_index/packages
[1.157s] copying resource/watchdog_monitoring -> /root/ros_ws/install/watchdog_monitoring/share/ament_index/resource_index/packages
[1.157s] copying package.xml -> /root/ros_ws/install/watchdog_monitoring/share/watchdog_monitoring
[1.157s] running install_egg_info
[1.161s] Copying ../../build/watchdog_monitoring/watchdog_monitoring.egg-info to /root/ros_ws/install/watchdog_monitoring/lib/python3.10/site-packages/watchdog_monitoring-0.0.0-py3.10.egg-info
[1.162s] running install_scripts
[1.194s] Installing watchdog_node script to /root/ros_ws/install/watchdog_monitoring/lib/watchdog_monitoring
[1.196s] writing list of installed files to '/root/ros_ws/build/watchdog_monitoring/install.log'
[1.246s] Invoked command in '/root/ros_ws/monitorWatchdog/src' returned '0': PYTHONPATH=/root/ros_ws/build/watchdog_monitoring/prefix_override:/usr/lib/python3/dist-packages/colcon_core/task/python/colcon_distutils_commands:/root/ros_ws/install/watchdog_monitoring/lib/python3.10/site-packages:${PYTHONPATH} /usr/bin/python3 -W ignore:setup.py install is deprecated -W ignore:easy_install command is deprecated setup.py egg_info --egg-base ../../build/watchdog_monitoring build --build-base /root/ros_ws/build/watchdog_monitoring/build install --record /root/ros_ws/build/watchdog_monitoring/install.log --single-version-externally-managed install_data
