[0.881s] Invoking command in '/root/ros_ws/topic/src/robot_mode_pkg': PYTHONPATH=/root/ros_ws/build/robot_mode_pkg/prefix_override:/usr/lib/python3/dist-packages/colcon_core/task/python/colcon_distutils_commands:/root/ros_ws/install/robot_mode_pkg/lib/python3.10/site-packages:${PYTHONPATH} /usr/bin/python3 -W ignore:setup.py install is deprecated -W ignore:easy_install command is deprecated setup.py egg_info --egg-base ../../../build/robot_mode_pkg build --build-base /root/ros_ws/build/robot_mode_pkg/build install --record /root/ros_ws/build/robot_mode_pkg/install.log --single-version-externally-managed install_data
[1.100s] running egg_info
[1.101s] writing ../../../build/robot_mode_pkg/robot_mode_pkg.egg-info/PKG-INFO
[1.101s] writing dependency_links to ../../../build/robot_mode_pkg/robot_mode_pkg.egg-info/dependency_links.txt
[1.102s] writing entry points to ../../../build/robot_mode_pkg/robot_mode_pkg.egg-info/entry_points.txt
[1.103s] writing requirements to ../../../build/robot_mode_pkg/robot_mode_pkg.egg-info/requires.txt
[1.104s] writing top-level names to ../../../build/robot_mode_pkg/robot_mode_pkg.egg-info/top_level.txt
[1.107s] reading manifest file '../../../build/robot_mode_pkg/robot_mode_pkg.egg-info/SOURCES.txt'
[1.108s] writing manifest file '../../../build/robot_mode_pkg/robot_mode_pkg.egg-info/SOURCES.txt'
[1.108s] running build
[1.108s] running build_py
[1.109s] running install
[1.109s] running install_lib
[1.111s] running install_data
[1.111s] running install_egg_info
[1.113s] removing '/root/ros_ws/install/robot_mode_pkg/lib/python3.10/site-packages/robot_mode_pkg-0.0.0-py3.10.egg-info' (and everything under it)
[1.114s] Copying ../../../build/robot_mode_pkg/robot_mode_pkg.egg-info to /root/ros_ws/install/robot_mode_pkg/lib/python3.10/site-packages/robot_mode_pkg-0.0.0-py3.10.egg-info
[1.115s] running install_scripts
[1.148s] Installing robot_mode_node script to /root/ros_ws/install/robot_mode_pkg/lib/robot_mode_pkg
[1.149s] writing list of installed files to '/root/ros_ws/build/robot_mode_pkg/install.log'
[1.207s] Invoked command in '/root/ros_ws/topic/src/robot_mode_pkg' returned '0': PYTHONPATH=/root/ros_ws/build/robot_mode_pkg/prefix_override:/usr/lib/python3/dist-packages/colcon_core/task/python/colcon_distutils_commands:/root/ros_ws/install/robot_mode_pkg/lib/python3.10/site-packages:${PYTHONPATH} /usr/bin/python3 -W ignore:setup.py install is deprecated -W ignore:easy_install command is deprecated setup.py egg_info --egg-base ../../../build/robot_mode_pkg build --build-base /root/ros_ws/build/robot_mode_pkg/build install --record /root/ros_ws/build/robot_mode_pkg/install.log --single-version-externally-managed install_data
