[0.612s] Invoking command in '/root/ros_ws/src/imu_node': PYTHONPATH=/root/ros_ws/build/imu_node/prefix_override:/usr/lib/python3/dist-packages/colcon_core/task/python/colcon_distutils_commands:/root/ros_ws/install/imu_node/lib/python3.10/site-packages:${PYTHONPATH} /usr/bin/python3 -W ignore:setup.py install is deprecated -W ignore:easy_install command is deprecated setup.py egg_info --egg-base ../../build/imu_node build --build-base /root/ros_ws/build/imu_node/build install --record /root/ros_ws/build/imu_node/install.log --single-version-externally-managed install_data
[0.828s] running egg_info
[0.829s] writing ../../build/imu_node/imu_node.egg-info/PKG-INFO
[0.829s] writing dependency_links to ../../build/imu_node/imu_node.egg-info/dependency_links.txt
[0.830s] writing entry points to ../../build/imu_node/imu_node.egg-info/entry_points.txt
[0.831s] writing requirements to ../../build/imu_node/imu_node.egg-info/requires.txt
[0.831s] writing top-level names to ../../build/imu_node/imu_node.egg-info/top_level.txt
[0.834s] reading manifest file '../../build/imu_node/imu_node.egg-info/SOURCES.txt'
[0.835s] writing manifest file '../../build/imu_node/imu_node.egg-info/SOURCES.txt'
[0.835s] running build
[0.835s] running build_py
[0.836s] copying imu_node/imu_publisher.py -> /root/ros_ws/build/imu_node/build/lib/imu_node
[0.836s] running install
[0.836s] running install_lib
[0.837s] copying /root/ros_ws/build/imu_node/build/lib/imu_node/imu_publisher.py -> /root/ros_ws/install/imu_node/lib/python3.10/site-packages/imu_node
[0.838s] byte-compiling /root/ros_ws/install/imu_node/lib/python3.10/site-packages/imu_node/imu_publisher.py to imu_publisher.cpython-310.pyc
[0.839s] running install_data
[0.839s] running install_egg_info
[0.842s] removing '/root/ros_ws/install/imu_node/lib/python3.10/site-packages/imu_node-0.0.0-py3.10.egg-info' (and everything under it)
[0.842s] Copying ../../build/imu_node/imu_node.egg-info to /root/ros_ws/install/imu_node/lib/python3.10/site-packages/imu_node-0.0.0-py3.10.egg-info
[0.843s] running install_scripts
[0.868s] Installing imu_publisher script to /root/ros_ws/install/imu_node/lib/imu_node
[0.868s] writing list of installed files to '/root/ros_ws/build/imu_node/install.log'
[0.918s] Invoked command in '/root/ros_ws/src/imu_node' returned '0': PYTHONPATH=/root/ros_ws/build/imu_node/prefix_override:/usr/lib/python3/dist-packages/colcon_core/task/python/colcon_distutils_commands:/root/ros_ws/install/imu_node/lib/python3.10/site-packages:${PYTHONPATH} /usr/bin/python3 -W ignore:setup.py install is deprecated -W ignore:easy_install command is deprecated setup.py egg_info --egg-base ../../build/imu_node build --build-base /root/ros_ws/build/imu_node/build install --record /root/ros_ws/build/imu_node/install.log --single-version-externally-managed install_data
