running egg_info
creating ../../../build/robot_mode_pkg/robot_mode_pkg.egg-info
writing ../../../build/robot_mode_pkg/robot_mode_pkg.egg-info/PKG-INFO
writing dependency_links to ../../../build/robot_mode_pkg/robot_mode_pkg.egg-info/dependency_links.txt
writing entry points to ../../../build/robot_mode_pkg/robot_mode_pkg.egg-info/entry_points.txt
writing requirements to ../../../build/robot_mode_pkg/robot_mode_pkg.egg-info/requires.txt
writing top-level names to ../../../build/robot_mode_pkg/robot_mode_pkg.egg-info/top_level.txt
writing manifest file '../../../build/robot_mode_pkg/robot_mode_pkg.egg-info/SOURCES.txt'
reading manifest file '../../../build/robot_mode_pkg/robot_mode_pkg.egg-info/SOURCES.txt'
writing manifest file '../../../build/robot_mode_pkg/robot_mode_pkg.egg-info/SOURCES.txt'
running build
running build_py
creating /root/ros_ws/build/robot_mode_pkg/build
creating /root/ros_ws/build/robot_mode_pkg/build/lib
creating /root/ros_ws/build/robot_mode_pkg/build/lib/robot_mode_pkg
copying robot_mode_pkg/__init__.py -> /root/ros_ws/build/robot_mode_pkg/build/lib/robot_mode_pkg
copying robot_mode_pkg/robot_mode_node.py -> /root/ros_ws/build/robot_mode_pkg/build/lib/robot_mode_pkg
running install
running install_lib
creating /root/ros_ws/install/robot_mode_pkg/lib/python3.10/site-packages/robot_mode_pkg
copying /root/ros_ws/build/robot_mode_pkg/build/lib/robot_mode_pkg/__init__.py -> /root/ros_ws/install/robot_mode_pkg/lib/python3.10/site-packages/robot_mode_pkg
copying /root/ros_ws/build/robot_mode_pkg/build/lib/robot_mode_pkg/robot_mode_node.py -> /root/ros_ws/install/robot_mode_pkg/lib/python3.10/site-packages/robot_mode_pkg
byte-compiling /root/ros_ws/install/robot_mode_pkg/lib/python3.10/site-packages/robot_mode_pkg/__init__.py to __init__.cpython-310.pyc
byte-compiling /root/ros_ws/install/robot_mode_pkg/lib/python3.10/site-packages/robot_mode_pkg/robot_mode_node.py to robot_mode_node.cpython-310.pyc
running install_data
creating /root/ros_ws/install/robot_mode_pkg/share/ament_index
creating /root/ros_ws/install/robot_mode_pkg/share/ament_index/resource_index
creating /root/ros_ws/install/robot_mode_pkg/share/ament_index/resource_index/packages
copying resource/robot_mode_pkg -> /root/ros_ws/install/robot_mode_pkg/share/ament_index/resource_index/packages
copying package.xml -> /root/ros_ws/install/robot_mode_pkg/share/robot_mode_pkg
running install_egg_info
Copying ../../../build/robot_mode_pkg/robot_mode_pkg.egg-info to /root/ros_ws/install/robot_mode_pkg/lib/python3.10/site-packages/robot_mode_pkg-0.0.0-py3.10.egg-info
running install_scripts
Installing robot_mode_node script to /root/ros_ws/install/robot_mode_pkg/lib/robot_mode_pkg
writing list of installed files to '/root/ros_ws/build/robot_mode_pkg/install.log'
