[0.884s] Invoking command in '/root/ros_ws/topic/src/robot_mode_pkg': PYTHONPATH=/root/ros_ws/build/robot_mode_pkg/prefix_override:/usr/lib/python3/dist-packages/colcon_core/task/python/colcon_distutils_commands:/root/ros_ws/install/robot_mode_pkg/lib/python3.10/site-packages:${PYTHONPATH} /usr/bin/python3 -W ignore:setup.py install is deprecated -W ignore:easy_install command is deprecated setup.py egg_info --egg-base ../../../build/robot_mode_pkg build --build-base /root/ros_ws/build/robot_mode_pkg/build install --record /root/ros_ws/build/robot_mode_pkg/install.log --single-version-externally-managed install_data
[1.104s] running egg_info
[1.106s] creating ../../../build/robot_mode_pkg/robot_mode_pkg.egg-info
[1.108s] writing ../../../build/robot_mode_pkg/robot_mode_pkg.egg-info/PKG-INFO
[1.108s] writing dependency_links to ../../../build/robot_mode_pkg/robot_mode_pkg.egg-info/dependency_links.txt
[1.108s] writing entry points to ../../../build/robot_mode_pkg/robot_mode_pkg.egg-info/entry_points.txt
[1.109s] writing requirements to ../../../build/robot_mode_pkg/robot_mode_pkg.egg-info/requires.txt
[1.109s] writing top-level names to ../../../build/robot_mode_pkg/robot_mode_pkg.egg-info/top_level.txt
[1.109s] writing manifest file '../../../build/robot_mode_pkg/robot_mode_pkg.egg-info/SOURCES.txt'
[1.110s] reading manifest file '../../../build/robot_mode_pkg/robot_mode_pkg.egg-info/SOURCES.txt'
[1.111s] writing manifest file '../../../build/robot_mode_pkg/robot_mode_pkg.egg-info/SOURCES.txt'
[1.111s] running build
[1.111s] running build_py
[1.112s] creating /root/ros_ws/build/robot_mode_pkg/build
[1.112s] creating /root/ros_ws/build/robot_mode_pkg/build/lib
[1.112s] creating /root/ros_ws/build/robot_mode_pkg/build/lib/robot_mode_pkg
[1.112s] copying robot_mode_pkg/__init__.py -> /root/ros_ws/build/robot_mode_pkg/build/lib/robot_mode_pkg
[1.112s] copying robot_mode_pkg/robot_mode_node.py -> /root/ros_ws/build/robot_mode_pkg/build/lib/robot_mode_pkg
[1.112s] running install
[1.112s] running install_lib
[1.112s] creating /root/ros_ws/install/robot_mode_pkg/lib/python3.10/site-packages/robot_mode_pkg
[1.112s] copying /root/ros_ws/build/robot_mode_pkg/build/lib/robot_mode_pkg/__init__.py -> /root/ros_ws/install/robot_mode_pkg/lib/python3.10/site-packages/robot_mode_pkg
[1.112s] copying /root/ros_ws/build/robot_mode_pkg/build/lib/robot_mode_pkg/robot_mode_node.py -> /root/ros_ws/install/robot_mode_pkg/lib/python3.10/site-packages/robot_mode_pkg
[1.113s] byte-compiling /root/ros_ws/install/robot_mode_pkg/lib/python3.10/site-packages/robot_mode_pkg/__init__.py to __init__.cpython-310.pyc
[1.113s] byte-compiling /root/ros_ws/install/robot_mode_pkg/lib/python3.10/site-packages/robot_mode_pkg/robot_mode_node.py to robot_mode_node.cpython-310.pyc
[1.114s] running install_data
[1.114s] creating /root/ros_ws/install/robot_mode_pkg/share/ament_index
[1.114s] creating /root/ros_ws/install/robot_mode_pkg/share/ament_index/resource_index
[1.114s] creating /root/ros_ws/install/robot_mode_pkg/share/ament_index/resource_index/packages
[1.114s] copying resource/robot_mode_pkg -> /root/ros_ws/install/robot_mode_pkg/share/ament_index/resource_index/packages
[1.114s] copying package.xml -> /root/ros_ws/install/robot_mode_pkg/share/robot_mode_pkg
[1.114s] running install_egg_info
[1.117s] Copying ../../../build/robot_mode_pkg/robot_mode_pkg.egg-info to /root/ros_ws/install/robot_mode_pkg/lib/python3.10/site-packages/robot_mode_pkg-0.0.0-py3.10.egg-info
[1.117s] running install_scripts
[1.145s] Installing robot_mode_node script to /root/ros_ws/install/robot_mode_pkg/lib/robot_mode_pkg
[1.145s] writing list of installed files to '/root/ros_ws/build/robot_mode_pkg/install.log'
[1.205s] Invoked command in '/root/ros_ws/topic/src/robot_mode_pkg' returned '0': PYTHONPATH=/root/ros_ws/build/robot_mode_pkg/prefix_override:/usr/lib/python3/dist-packages/colcon_core/task/python/colcon_distutils_commands:/root/ros_ws/install/robot_mode_pkg/lib/python3.10/site-packages:${PYTHONPATH} /usr/bin/python3 -W ignore:setup.py install is deprecated -W ignore:easy_install command is deprecated setup.py egg_info --egg-base ../../../build/robot_mode_pkg build --build-base /root/ros_ws/build/robot_mode_pkg/build install --record /root/ros_ws/build/robot_mode_pkg/install.log --single-version-externally-managed install_data
