[0.936s] Invoking command in '/home/util/Documents/Projet/ros2_remote/ros_ws/src/bridge_manette': PYTHONPATH=/home/util/Documents/Projet/ros2_remote/ros_ws/build/bridge_manette/prefix_override:/usr/lib/python3/dist-packages/colcon_core/task/python/colcon_distutils_commands:/home/util/Documents/Projet/ros2_remote/ros_ws/install/bridge_manette/lib/python3.10/site-packages:${PYTHONPATH} /usr/bin/python3 -W ignore:setup.py install is deprecated -W ignore:easy_install command is deprecated setup.py egg_info --egg-base ../../build/bridge_manette build --build-base /home/util/Documents/Projet/ros2_remote/ros_ws/build/bridge_manette/build install --record /home/util/Documents/Projet/ros2_remote/ros_ws/build/bridge_manette/install.log --single-version-externally-managed install_data
[1.146s] running egg_info
[1.147s] writing ../../build/bridge_manette/bridge_manette.egg-info/PKG-INFO
[1.147s] writing dependency_links to ../../build/bridge_manette/bridge_manette.egg-info/dependency_links.txt
[1.147s] writing entry points to ../../build/bridge_manette/bridge_manette.egg-info/entry_points.txt
[1.147s] writing requirements to ../../build/bridge_manette/bridge_manette.egg-info/requires.txt
[1.148s] writing top-level names to ../../build/bridge_manette/bridge_manette.egg-info/top_level.txt
[1.152s] reading manifest file '../../build/bridge_manette/bridge_manette.egg-info/SOURCES.txt'
[1.153s] adding license file 'LICENSE'
[1.156s] writing manifest file '../../build/bridge_manette/bridge_manette.egg-info/SOURCES.txt'
[1.156s] running build
[1.156s] running build_py
[1.157s] copying bridge_manette/bridge_manette_node.py -> /home/util/Documents/Projet/ros2_remote/ros_ws/build/bridge_manette/build/lib/bridge_manette
[1.157s] running install
[1.157s] running install_lib
[1.158s] copying /home/util/Documents/Projet/ros2_remote/ros_ws/build/bridge_manette/build/lib/bridge_manette/bridge_manette_node.py -> /home/util/Documents/Projet/ros2_remote/ros_ws/install/bridge_manette/lib/python3.10/site-packages/bridge_manette
[1.159s] byte-compiling /home/util/Documents/Projet/ros2_remote/ros_ws/install/bridge_manette/lib/python3.10/site-packages/bridge_manette/bridge_manette_node.py to bridge_manette_node.cpython-310.pyc
[1.160s] running install_data
[1.161s] running install_egg_info
[1.162s] removing '/home/util/Documents/Projet/ros2_remote/ros_ws/install/bridge_manette/lib/python3.10/site-packages/bridge_manette-0.0.0-py3.10.egg-info' (and everything under it)
[1.163s] Copying ../../build/bridge_manette/bridge_manette.egg-info to /home/util/Documents/Projet/ros2_remote/ros_ws/install/bridge_manette/lib/python3.10/site-packages/bridge_manette-0.0.0-py3.10.egg-info
[1.164s] running install_scripts
[1.191s] Installing bridge_manette_node script to /home/util/Documents/Projet/ros2_remote/ros_ws/install/bridge_manette/lib/bridge_manette
[1.193s] writing list of installed files to '/home/util/Documents/Projet/ros2_remote/ros_ws/build/bridge_manette/install.log'
[1.224s] Invoked command in '/home/util/Documents/Projet/ros2_remote/ros_ws/src/bridge_manette' returned '0': PYTHONPATH=/home/util/Documents/Projet/ros2_remote/ros_ws/build/bridge_manette/prefix_override:/usr/lib/python3/dist-packages/colcon_core/task/python/colcon_distutils_commands:/home/util/Documents/Projet/ros2_remote/ros_ws/install/bridge_manette/lib/python3.10/site-packages:${PYTHONPATH} /usr/bin/python3 -W ignore:setup.py install is deprecated -W ignore:easy_install command is deprecated setup.py egg_info --egg-base ../../build/bridge_manette build --build-base /home/util/Documents/Projet/ros2_remote/ros_ws/build/bridge_manette/build install --record /home/util/Documents/Projet/ros2_remote/ros_ws/build/bridge_manette/install.log --single-version-externally-managed install_data
