running egg_info
creating ../../build/node_consigne/node_consigne.egg-info
writing ../../build/node_consigne/node_consigne.egg-info/PKG-INFO
writing dependency_links to ../../build/node_consigne/node_consigne.egg-info/dependency_links.txt
writing entry points to ../../build/node_consigne/node_consigne.egg-info/entry_points.txt
writing requirements to ../../build/node_consigne/node_consigne.egg-info/requires.txt
writing top-level names to ../../build/node_consigne/node_consigne.egg-info/top_level.txt
writing manifest file '../../build/node_consigne/node_consigne.egg-info/SOURCES.txt'
reading manifest file '../../build/node_consigne/node_consigne.egg-info/SOURCES.txt'
writing manifest file '../../build/node_consigne/node_consigne.egg-info/SOURCES.txt'
running build
running build_py
creating /root/ros_ws/build/node_consigne/build
creating /root/ros_ws/build/node_consigne/build/lib
creating /root/ros_ws/build/node_consigne/build/lib/node_consigne
copying node_consigne/__init__.py -> /root/ros_ws/build/node_consigne/build/lib/node_consigne
copying node_consigne/node_consigne.py -> /root/ros_ws/build/node_consigne/build/lib/node_consigne
running install
running install_lib
creating /root/ros_ws/install/node_consigne/lib/python3.10/site-packages/node_consigne
copying /root/ros_ws/build/node_consigne/build/lib/node_consigne/__init__.py -> /root/ros_ws/install/node_consigne/lib/python3.10/site-packages/node_consigne
copying /root/ros_ws/build/node_consigne/build/lib/node_consigne/node_consigne.py -> /root/ros_ws/install/node_consigne/lib/python3.10/site-packages/node_consigne
byte-compiling /root/ros_ws/install/node_consigne/lib/python3.10/site-packages/node_consigne/__init__.py to __init__.cpython-310.pyc
byte-compiling /root/ros_ws/install/node_consigne/lib/python3.10/site-packages/node_consigne/node_consigne.py to node_consigne.cpython-310.pyc
running install_data
creating /root/ros_ws/install/node_consigne/share/ament_index
creating /root/ros_ws/install/node_consigne/share/ament_index/resource_index
creating /root/ros_ws/install/node_consigne/share/ament_index/resource_index/packages
copying resource/node_consigne -> /root/ros_ws/install/node_consigne/share/ament_index/resource_index/packages
copying package.xml -> /root/ros_ws/install/node_consigne/share/node_consigne
running install_egg_info
Copying ../../build/node_consigne/node_consigne.egg-info to /root/ros_ws/install/node_consigne/lib/python3.10/site-packages/node_consigne-0.0.0-py3.10.egg-info
running install_scripts
Installing node_consigne script to /root/ros_ws/install/node_consigne/lib/node_consigne
writing list of installed files to '/root/ros_ws/build/node_consigne/install.log'
