[0.900s] Invoking command in '/root/ros_ws/src/node_consigne': PYTHONPATH=/root/ros_ws/build/node_consigne/prefix_override:/usr/lib/python3/dist-packages/colcon_core/task/python/colcon_distutils_commands:/root/ros_ws/install/node_consigne/lib/python3.10/site-packages:${PYTHONPATH} /usr/bin/python3 -W ignore:setup.py install is deprecated -W ignore:easy_install command is deprecated setup.py egg_info --egg-base ../../build/node_consigne build --build-base /root/ros_ws/build/node_consigne/build install --record /root/ros_ws/build/node_consigne/install.log --single-version-externally-managed install_data
[1.131s] running egg_info
[1.132s] creating ../../build/node_consigne/node_consigne.egg-info
[1.133s] writing ../../build/node_consigne/node_consigne.egg-info/PKG-INFO
[1.133s] writing dependency_links to ../../build/node_consigne/node_consigne.egg-info/dependency_links.txt
[1.133s] writing entry points to ../../build/node_consigne/node_consigne.egg-info/entry_points.txt
[1.133s] writing requirements to ../../build/node_consigne/node_consigne.egg-info/requires.txt
[1.133s] writing top-level names to ../../build/node_consigne/node_consigne.egg-info/top_level.txt
[1.133s] writing manifest file '../../build/node_consigne/node_consigne.egg-info/SOURCES.txt'
[1.138s] reading manifest file '../../build/node_consigne/node_consigne.egg-info/SOURCES.txt'
[1.139s] writing manifest file '../../build/node_consigne/node_consigne.egg-info/SOURCES.txt'
[1.139s] running build
[1.139s] running build_py
[1.139s] creating /root/ros_ws/build/node_consigne/build
[1.139s] creating /root/ros_ws/build/node_consigne/build/lib
[1.139s] creating /root/ros_ws/build/node_consigne/build/lib/node_consigne
[1.139s] copying node_consigne/__init__.py -> /root/ros_ws/build/node_consigne/build/lib/node_consigne
[1.139s] copying node_consigne/node_consigne.py -> /root/ros_ws/build/node_consigne/build/lib/node_consigne
[1.140s] running install
[1.140s] running install_lib
[1.141s] creating /root/ros_ws/install/node_consigne/lib/python3.10/site-packages/node_consigne
[1.141s] copying /root/ros_ws/build/node_consigne/build/lib/node_consigne/__init__.py -> /root/ros_ws/install/node_consigne/lib/python3.10/site-packages/node_consigne
[1.141s] copying /root/ros_ws/build/node_consigne/build/lib/node_consigne/node_consigne.py -> /root/ros_ws/install/node_consigne/lib/python3.10/site-packages/node_consigne
[1.142s] byte-compiling /root/ros_ws/install/node_consigne/lib/python3.10/site-packages/node_consigne/__init__.py to __init__.cpython-310.pyc
[1.142s] byte-compiling /root/ros_ws/install/node_consigne/lib/python3.10/site-packages/node_consigne/node_consigne.py to node_consigne.cpython-310.pyc
[1.143s] running install_data
[1.144s] creating /root/ros_ws/install/node_consigne/share/ament_index
[1.144s] creating /root/ros_ws/install/node_consigne/share/ament_index/resource_index
[1.144s] creating /root/ros_ws/install/node_consigne/share/ament_index/resource_index/packages
[1.144s] copying resource/node_consigne -> /root/ros_ws/install/node_consigne/share/ament_index/resource_index/packages
[1.144s] copying package.xml -> /root/ros_ws/install/node_consigne/share/node_consigne
[1.144s] running install_egg_info
[1.148s] Copying ../../build/node_consigne/node_consigne.egg-info to /root/ros_ws/install/node_consigne/lib/python3.10/site-packages/node_consigne-0.0.0-py3.10.egg-info
[1.149s] running install_scripts
[1.178s] Installing node_consigne script to /root/ros_ws/install/node_consigne/lib/node_consigne
[1.178s] writing list of installed files to '/root/ros_ws/build/node_consigne/install.log'
[1.235s] Invoked command in '/root/ros_ws/src/node_consigne' returned '0': PYTHONPATH=/root/ros_ws/build/node_consigne/prefix_override:/usr/lib/python3/dist-packages/colcon_core/task/python/colcon_distutils_commands:/root/ros_ws/install/node_consigne/lib/python3.10/site-packages:${PYTHONPATH} /usr/bin/python3 -W ignore:setup.py install is deprecated -W ignore:easy_install command is deprecated setup.py egg_info --egg-base ../../build/node_consigne build --build-base /root/ros_ws/build/node_consigne/build install --record /root/ros_ws/build/node_consigne/install.log --single-version-externally-managed install_data
