[0.128s] DEBUG:colcon:Command line arguments: ['/usr/bin/colcon', 'build']
[0.129s] DEBUG:colcon:Parsed command line arguments: Namespace(log_base=None, log_level=None, verb_name='build', build_base='build', install_base='install', merge_install=False, symlink_install=False, test_result_base=None, continue_on_error=False, executor='parallel', parallel_workers=4, event_handlers=None, ignore_user_meta=False, metas=['./colcon.meta'], base_paths=['.'], packages_ignore=None, packages_ignore_regex=None, paths=None, packages_up_to=None, packages_up_to_regex=None, packages_above=None, packages_above_and_dependencies=None, packages_above_depth=None, packages_select_by_dep=None, packages_skip_by_dep=None, packages_skip_up_to=None, packages_select_build_failed=False, packages_skip_build_finished=False, packages_select_test_failures=False, packages_skip_test_passed=False, packages_select=None, packages_skip=None, packages_select_regex=None, packages_skip_regex=None, packages_start=None, packages_end=None, cmake_args=None, cmake_target=None, cmake_target_skip_unavailable=False, cmake_clean_cache=False, cmake_clean_first=False, cmake_force_configure=False, ament_cmake_args=None, catkin_cmake_args=None, catkin_skip_building_tests=False, mixin_files=None, mixin=None, verb_parser=<colcon_mixin.mixin.mixin_argument.MixinArgumentDecorator object at 0x7fffbc851d50>, verb_extension=<colcon_core.verb.build.BuildVerb object at 0x7fffbca77820>, main=<bound method BuildVerb.main of <colcon_core.verb.build.BuildVerb object at 0x7fffbca77820>>, mixin_verb=('build',))
[0.250s] Level 1:colcon.colcon_core.package_discovery:discover_packages(colcon_meta) check parameters
[0.252s] INFO:colcon.colcon_metadata.package_discovery.colcon_meta:Using configuration from '/root/.colcon/metadata/default/Gazebo.meta'
[0.252s] INFO:colcon.colcon_metadata.package_discovery.colcon_meta:Using configuration from '/root/.colcon/metadata/default/fastdds.meta'
[0.253s] INFO:colcon.colcon_metadata.package_discovery.colcon_meta:Using configuration from '/root/.colcon/metadata/default/fastrtps.meta'
[0.253s] Level 1:colcon.colcon_core.package_discovery:discover_packages(recursive) check parameters
[0.253s] Level 1:colcon.colcon_core.package_discovery:discover_packages(ignore) check parameters
[0.253s] Level 1:colcon.colcon_core.package_discovery:discover_packages(path) check parameters
[0.253s] Level 1:colcon.colcon_core.package_discovery:discover_packages(colcon_meta) discover
[0.253s] Level 1:colcon.colcon_core.package_discovery:discover_packages(recursive) discover
[0.253s] INFO:colcon.colcon_core.package_discovery:Crawling recursively for packages in '/root/ros_ws'
[0.253s] Level 1:colcon.colcon_core.package_identification:_identify(.) by extensions ['ignore', 'ignore_ament_install']
[0.254s] Level 1:colcon.colcon_core.package_identification:_identify(.) by extension 'ignore'
[0.254s] Level 1:colcon.colcon_core.package_identification:_identify(.) by extension 'ignore_ament_install'
[0.254s] Level 1:colcon.colcon_core.package_identification:_identify(.) by extensions ['colcon_pkg']
[0.254s] Level 1:colcon.colcon_core.package_identification:_identify(.) by extension 'colcon_pkg'
[0.254s] Level 1:colcon.colcon_core.package_identification:_identify(.) by extensions ['colcon_meta']
[0.254s] Level 1:colcon.colcon_core.package_identification:_identify(.) by extension 'colcon_meta'
[0.254s] Level 1:colcon.colcon_core.package_identification:_identify(.) by extensions ['ros']
[0.254s] Level 1:colcon.colcon_core.package_identification:_identify(.) by extension 'ros'
[0.267s] Level 1:colcon.colcon_core.package_identification:_identify(.) by extensions ['cmake', 'python']
[0.267s] Level 1:colcon.colcon_core.package_identification:_identify(.) by extension 'cmake'
[0.267s] Level 1:colcon.colcon_core.package_identification:_identify(.) by extension 'python'
[0.267s] Level 1:colcon.colcon_core.package_identification:_identify(.) by extensions ['python_setup_py']
[0.267s] Level 1:colcon.colcon_core.package_identification:_identify(.) by extension 'python_setup_py'
[0.267s] Level 1:colcon.colcon_core.package_identification:_identify(build) by extensions ['ignore', 'ignore_ament_install']
[0.267s] Level 1:colcon.colcon_core.package_identification:_identify(build) by extension 'ignore'
[0.267s] Level 1:colcon.colcon_core.package_identification:_identify(build) ignored
[0.268s] Level 1:colcon.colcon_core.package_identification:_identify(install) by extensions ['ignore', 'ignore_ament_install']
[0.268s] Level 1:colcon.colcon_core.package_identification:_identify(install) by extension 'ignore'
[0.268s] Level 1:colcon.colcon_core.package_identification:_identify(install) ignored
[0.268s] Level 1:colcon.colcon_core.package_identification:_identify(log) by extensions ['ignore', 'ignore_ament_install']
[0.268s] Level 1:colcon.colcon_core.package_identification:_identify(log) by extension 'ignore'
[0.268s] Level 1:colcon.colcon_core.package_identification:_identify(log) ignored
[0.268s] Level 1:colcon.colcon_core.package_identification:_identify(src) by extensions ['ignore', 'ignore_ament_install']
[0.268s] Level 1:colcon.colcon_core.package_identification:_identify(src) by extension 'ignore'
[0.268s] Level 1:colcon.colcon_core.package_identification:_identify(src) by extension 'ignore_ament_install'
[0.268s] Level 1:colcon.colcon_core.package_identification:_identify(src) by extensions ['colcon_pkg']
[0.268s] Level 1:colcon.colcon_core.package_identification:_identify(src) by extension 'colcon_pkg'
[0.268s] Level 1:colcon.colcon_core.package_identification:_identify(src) by extensions ['colcon_meta']
[0.268s] Level 1:colcon.colcon_core.package_identification:_identify(src) by extension 'colcon_meta'
[0.268s] Level 1:colcon.colcon_core.package_identification:_identify(src) by extensions ['ros']
[0.268s] Level 1:colcon.colcon_core.package_identification:_identify(src) by extension 'ros'
[0.268s] Level 1:colcon.colcon_core.package_identification:_identify(src) by extensions ['cmake', 'python']
[0.268s] Level 1:colcon.colcon_core.package_identification:_identify(src) by extension 'cmake'
[0.269s] Level 1:colcon.colcon_core.package_identification:_identify(src) by extension 'python'
[0.269s] Level 1:colcon.colcon_core.package_identification:_identify(src) by extensions ['python_setup_py']
[0.269s] Level 1:colcon.colcon_core.package_identification:_identify(src) by extension 'python_setup_py'
[0.269s] Level 1:colcon.colcon_core.package_identification:_identify(src/monitorWatchdog) by extensions ['ignore', 'ignore_ament_install']
[0.269s] Level 1:colcon.colcon_core.package_identification:_identify(src/monitorWatchdog) by extension 'ignore'
[0.269s] Level 1:colcon.colcon_core.package_identification:_identify(src/monitorWatchdog) by extension 'ignore_ament_install'
[0.269s] Level 1:colcon.colcon_core.package_identification:_identify(src/monitorWatchdog) by extensions ['colcon_pkg']
[0.269s] Level 1:colcon.colcon_core.package_identification:_identify(src/monitorWatchdog) by extension 'colcon_pkg'
[0.269s] Level 1:colcon.colcon_core.package_identification:_identify(src/monitorWatchdog) by extensions ['colcon_meta']
[0.269s] Level 1:colcon.colcon_core.package_identification:_identify(src/monitorWatchdog) by extension 'colcon_meta'
[0.269s] Level 1:colcon.colcon_core.package_identification:_identify(src/monitorWatchdog) by extensions ['ros']
[0.269s] Level 1:colcon.colcon_core.package_identification:_identify(src/monitorWatchdog) by extension 'ros'
[0.269s] Level 1:colcon.colcon_core.package_identification:_identify(src/monitorWatchdog) by extensions ['cmake', 'python']
[0.269s] Level 1:colcon.colcon_core.package_identification:_identify(src/monitorWatchdog) by extension 'cmake'
[0.269s] Level 1:colcon.colcon_core.package_identification:_identify(src/monitorWatchdog) by extension 'python'
[0.269s] Level 1:colcon.colcon_core.package_identification:_identify(src/monitorWatchdog) by extensions ['python_setup_py']
[0.269s] Level 1:colcon.colcon_core.package_identification:_identify(src/monitorWatchdog) by extension 'python_setup_py'
[0.269s] Level 1:colcon.colcon_core.package_identification:_identify(src/monitorWatchdog/build) by extensions ['ignore', 'ignore_ament_install']
[0.269s] Level 1:colcon.colcon_core.package_identification:_identify(src/monitorWatchdog/build) by extension 'ignore'
[0.269s] Level 1:colcon.colcon_core.package_identification:_identify(src/monitorWatchdog/build) ignored
[0.269s] Level 1:colcon.colcon_core.package_identification:_identify(src/monitorWatchdog/install) by extensions ['ignore', 'ignore_ament_install']
[0.270s] Level 1:colcon.colcon_core.package_identification:_identify(src/monitorWatchdog/install) by extension 'ignore'
[0.270s] Level 1:colcon.colcon_core.package_identification:_identify(src/monitorWatchdog/install) ignored
[0.270s] Level 1:colcon.colcon_core.package_identification:_identify(src/monitorWatchdog/log) by extensions ['ignore', 'ignore_ament_install']
[0.270s] Level 1:colcon.colcon_core.package_identification:_identify(src/monitorWatchdog/log) by extension 'ignore'
[0.270s] Level 1:colcon.colcon_core.package_identification:_identify(src/monitorWatchdog/log) ignored
[0.270s] Level 1:colcon.colcon_core.package_identification:_identify(src/monitorWatchdog/src) by extensions ['ignore', 'ignore_ament_install']
[0.270s] Level 1:colcon.colcon_core.package_identification:_identify(src/monitorWatchdog/src) by extension 'ignore'
[0.270s] Level 1:colcon.colcon_core.package_identification:_identify(src/monitorWatchdog/src) by extension 'ignore_ament_install'
[0.270s] Level 1:colcon.colcon_core.package_identification:_identify(src/monitorWatchdog/src) by extensions ['colcon_pkg']
[0.270s] Level 1:colcon.colcon_core.package_identification:_identify(src/monitorWatchdog/src) by extension 'colcon_pkg'
[0.270s] Level 1:colcon.colcon_core.package_identification:_identify(src/monitorWatchdog/src) by extensions ['colcon_meta']
[0.270s] Level 1:colcon.colcon_core.package_identification:_identify(src/monitorWatchdog/src) by extension 'colcon_meta'
[0.270s] Level 1:colcon.colcon_core.package_identification:_identify(src/monitorWatchdog/src) by extensions ['ros']
[0.270s] Level 1:colcon.colcon_core.package_identification:_identify(src/monitorWatchdog/src) by extension 'ros'
[0.273s] DEBUG:colcon.colcon_core.package_identification:Package 'src/monitorWatchdog/src' with type 'ros.ament_python' and name 'watchdog_monitoring'
[0.273s] Level 1:colcon.colcon_core.package_identification:_identify(src/publisherWatchdog) by extensions ['ignore', 'ignore_ament_install']
[0.274s] Level 1:colcon.colcon_core.package_identification:_identify(src/publisherWatchdog) by extension 'ignore'
[0.274s] Level 1:colcon.colcon_core.package_identification:_identify(src/publisherWatchdog) by extension 'ignore_ament_install'
[0.274s] Level 1:colcon.colcon_core.package_identification:_identify(src/publisherWatchdog) by extensions ['colcon_pkg']
[0.274s] Level 1:colcon.colcon_core.package_identification:_identify(src/publisherWatchdog) by extension 'colcon_pkg'
[0.274s] Level 1:colcon.colcon_core.package_identification:_identify(src/publisherWatchdog) by extensions ['colcon_meta']
[0.274s] Level 1:colcon.colcon_core.package_identification:_identify(src/publisherWatchdog) by extension 'colcon_meta'
[0.274s] Level 1:colcon.colcon_core.package_identification:_identify(src/publisherWatchdog) by extensions ['ros']
[0.274s] Level 1:colcon.colcon_core.package_identification:_identify(src/publisherWatchdog) by extension 'ros'
[0.274s] Level 1:colcon.colcon_core.package_identification:_identify(src/publisherWatchdog) by extensions ['cmake', 'python']
[0.274s] Level 1:colcon.colcon_core.package_identification:_identify(src/publisherWatchdog) by extension 'cmake'
[0.274s] Level 1:colcon.colcon_core.package_identification:_identify(src/publisherWatchdog) by extension 'python'
[0.274s] Level 1:colcon.colcon_core.package_identification:_identify(src/publisherWatchdog) by extensions ['python_setup_py']
[0.274s] Level 1:colcon.colcon_core.package_identification:_identify(src/publisherWatchdog) by extension 'python_setup_py'
[0.274s] Level 1:colcon.colcon_core.package_discovery:discover_packages(recursive) using defaults
[0.274s] Level 1:colcon.colcon_core.package_discovery:discover_packages(ignore) discover
[0.274s] Level 1:colcon.colcon_core.package_discovery:discover_packages(ignore) using defaults
[0.274s] Level 1:colcon.colcon_core.package_discovery:discover_packages(path) discover
[0.274s] Level 1:colcon.colcon_core.package_discovery:discover_packages(path) using defaults
[0.298s] Level 5:colcon.colcon_core.verb:set package 'watchdog_monitoring' build argument 'cmake_args' from command line to 'None'
[0.298s] Level 5:colcon.colcon_core.verb:set package 'watchdog_monitoring' build argument 'cmake_target' from command line to 'None'
[0.298s] Level 5:colcon.colcon_core.verb:set package 'watchdog_monitoring' build argument 'cmake_target_skip_unavailable' from command line to 'False'
[0.298s] Level 5:colcon.colcon_core.verb:set package 'watchdog_monitoring' build argument 'cmake_clean_cache' from command line to 'False'
[0.298s] Level 5:colcon.colcon_core.verb:set package 'watchdog_monitoring' build argument 'cmake_clean_first' from command line to 'False'
[0.298s] Level 5:colcon.colcon_core.verb:set package 'watchdog_monitoring' build argument 'cmake_force_configure' from command line to 'False'
[0.298s] Level 5:colcon.colcon_core.verb:set package 'watchdog_monitoring' build argument 'ament_cmake_args' from command line to 'None'
[0.298s] Level 5:colcon.colcon_core.verb:set package 'watchdog_monitoring' build argument 'catkin_cmake_args' from command line to 'None'
[0.298s] Level 5:colcon.colcon_core.verb:set package 'watchdog_monitoring' build argument 'catkin_skip_building_tests' from command line to 'False'
[0.298s] DEBUG:colcon.colcon_core.verb:Building package 'watchdog_monitoring' with the following arguments: {'ament_cmake_args': None, 'build_base': '/root/ros_ws/build/watchdog_monitoring', 'catkin_cmake_args': None, 'catkin_skip_building_tests': False, 'cmake_args': None, 'cmake_clean_cache': False, 'cmake_clean_first': False, 'cmake_force_configure': False, 'cmake_target': None, 'cmake_target_skip_unavailable': False, 'install_base': '/root/ros_ws/install/watchdog_monitoring', 'merge_install': False, 'path': '/root/ros_ws/src/monitorWatchdog/src', 'symlink_install': False, 'test_result_base': None}
[0.298s] INFO:colcon.colcon_core.executor:Executing jobs using 'parallel' executor
[0.300s] DEBUG:colcon.colcon_parallel_executor.executor.parallel:run_until_complete
[0.300s] INFO:colcon.colcon_ros.task.ament_python.build:Building ROS package in '/root/ros_ws/src/monitorWatchdog/src' with build type 'ament_python'
[0.300s] Level 1:colcon.colcon_core.shell:create_environment_hook('watchdog_monitoring', 'ament_prefix_path')
[0.303s] INFO:colcon.colcon_core.plugin_system:Skipping extension 'colcon_core.shell.bat': Not used on non-Windows systems
[0.303s] INFO:colcon.colcon_core.shell:Creating environment hook '/root/ros_ws/install/watchdog_monitoring/share/watchdog_monitoring/hook/ament_prefix_path.ps1'
[0.304s] INFO:colcon.colcon_core.shell:Creating environment descriptor '/root/ros_ws/install/watchdog_monitoring/share/watchdog_monitoring/hook/ament_prefix_path.dsv'
[0.305s] INFO:colcon.colcon_core.shell:Creating environment hook '/root/ros_ws/install/watchdog_monitoring/share/watchdog_monitoring/hook/ament_prefix_path.sh'
[0.305s] INFO:colcon.colcon_core.shell:Skip shell extension 'powershell' for command environment: Not usable outside of PowerShell
[0.305s] DEBUG:colcon.colcon_core.shell:Skip shell extension 'dsv' for command environment
[0.540s] INFO:colcon.colcon_core.task.python.build:Building Python package in '/root/ros_ws/src/monitorWatchdog/src'
[0.541s] INFO:colcon.colcon_core.shell:Skip shell extension 'powershell' for command environment: Not usable outside of PowerShell
[0.541s] DEBUG:colcon.colcon_core.shell:Skip shell extension 'dsv' for command environment
[0.866s] DEBUG:colcon.colcon_core.event_handler.log_command:Invoking command in '/root/ros_ws/src/monitorWatchdog/src': PYTHONPATH=/root/ros_ws/build/watchdog_monitoring/prefix_override:/usr/lib/python3/dist-packages/colcon_core/task/python/colcon_distutils_commands:/root/ros_ws/install/watchdog_monitoring/lib/python3.10/site-packages:${PYTHONPATH} /usr/bin/python3 -W ignore:setup.py install is deprecated -W ignore:easy_install command is deprecated setup.py egg_info --egg-base ../../../build/watchdog_monitoring build --build-base /root/ros_ws/build/watchdog_monitoring/build install --record /root/ros_ws/build/watchdog_monitoring/install.log --single-version-externally-managed install_data
[1.149s] DEBUG:colcon.colcon_core.event_handler.log_command:Invoked command in '/root/ros_ws/src/monitorWatchdog/src' returned '0': PYTHONPATH=/root/ros_ws/build/watchdog_monitoring/prefix_override:/usr/lib/python3/dist-packages/colcon_core/task/python/colcon_distutils_commands:/root/ros_ws/install/watchdog_monitoring/lib/python3.10/site-packages:${PYTHONPATH} /usr/bin/python3 -W ignore:setup.py install is deprecated -W ignore:easy_install command is deprecated setup.py egg_info --egg-base ../../../build/watchdog_monitoring build --build-base /root/ros_ws/build/watchdog_monitoring/build install --record /root/ros_ws/build/watchdog_monitoring/install.log --single-version-externally-managed install_data
[1.152s] Level 1:colcon.colcon_core.environment:checking '/root/ros_ws/install/watchdog_monitoring' for CMake module files
[1.152s] Level 1:colcon.colcon_core.environment:checking '/root/ros_ws/install/watchdog_monitoring' for CMake config files
[1.153s] Level 1:colcon.colcon_core.environment:checking '/root/ros_ws/install/watchdog_monitoring/lib'
[1.153s] Level 1:colcon.colcon_core.environment:checking '/root/ros_ws/install/watchdog_monitoring/bin'
[1.153s] Level 1:colcon.colcon_core.environment:checking '/root/ros_ws/install/watchdog_monitoring/lib/pkgconfig/watchdog_monitoring.pc'
[1.153s] Level 1:colcon.colcon_core.environment:checking '/root/ros_ws/install/watchdog_monitoring/lib/python3.10/site-packages'
[1.153s] Level 1:colcon.colcon_core.shell:create_environment_hook('watchdog_monitoring', 'pythonpath')
[1.154s] INFO:colcon.colcon_core.shell:Creating environment hook '/root/ros_ws/install/watchdog_monitoring/share/watchdog_monitoring/hook/pythonpath.ps1'
[1.154s] INFO:colcon.colcon_core.shell:Creating environment descriptor '/root/ros_ws/install/watchdog_monitoring/share/watchdog_monitoring/hook/pythonpath.dsv'
[1.156s] INFO:colcon.colcon_core.shell:Creating environment hook '/root/ros_ws/install/watchdog_monitoring/share/watchdog_monitoring/hook/pythonpath.sh'
[1.157s] Level 1:colcon.colcon_core.environment:checking '/root/ros_ws/install/watchdog_monitoring/bin'
[1.157s] Level 1:colcon.colcon_core.environment:create_environment_scripts_only(watchdog_monitoring)
[1.158s] INFO:colcon.colcon_core.shell:Creating package script '/root/ros_ws/install/watchdog_monitoring/share/watchdog_monitoring/package.ps1'
[1.159s] INFO:colcon.colcon_core.shell:Creating package descriptor '/root/ros_ws/install/watchdog_monitoring/share/watchdog_monitoring/package.dsv'
[1.160s] INFO:colcon.colcon_core.shell:Creating package script '/root/ros_ws/install/watchdog_monitoring/share/watchdog_monitoring/package.sh'
[1.161s] INFO:colcon.colcon_core.shell:Creating package script '/root/ros_ws/install/watchdog_monitoring/share/watchdog_monitoring/package.bash'
[1.163s] INFO:colcon.colcon_core.shell:Creating package script '/root/ros_ws/install/watchdog_monitoring/share/watchdog_monitoring/package.zsh'
[1.164s] Level 1:colcon.colcon_core.environment:create_file_with_runtime_dependencies(/root/ros_ws/install/watchdog_monitoring/share/colcon-core/packages/watchdog_monitoring)
[1.165s] DEBUG:colcon.colcon_parallel_executor.executor.parallel:closing loop
[1.166s] DEBUG:colcon.colcon_parallel_executor.executor.parallel:loop closed
[1.166s] DEBUG:colcon.colcon_parallel_executor.executor.parallel:run_until_complete finished with '0'
[1.166s] DEBUG:colcon.colcon_core.event_reactor:joining thread
[1.173s] INFO:colcon.colcon_core.plugin_system:Skipping extension 'colcon_notification.desktop_notification.notify_send': Could not find 'notify-send'
[1.173s] INFO:colcon.colcon_core.plugin_system:Skipping extension 'colcon_notification.desktop_notification.terminal_notifier': Not used on non-Darwin systems
[1.173s] INFO:colcon.colcon_core.plugin_system:Skipping extension 'colcon_notification.desktop_notification.win32': Not used on non-Windows systems
[1.173s] INFO:colcon.colcon_notification.desktop_notification:Sending desktop notification using 'notify2'
[1.173s] DEBUG:colcon.colcon_notification.desktop_notification.notify2:Failed to initialize notify2: org.freedesktop.DBus.Error.NotSupported: Unable to autolaunch a dbus-daemon without a $DISPLAY for X11
[1.173s] DEBUG:colcon.colcon_core.event_reactor:joined thread
[1.173s] INFO:colcon.colcon_core.shell:Creating prefix script '/root/ros_ws/install/local_setup.ps1'
[1.175s] INFO:colcon.colcon_core.shell:Creating prefix util module '/root/ros_ws/install/_local_setup_util_ps1.py'
[1.176s] INFO:colcon.colcon_core.shell:Creating prefix chain script '/root/ros_ws/install/setup.ps1'
[1.177s] INFO:colcon.colcon_core.shell:Creating prefix script '/root/ros_ws/install/local_setup.sh'
[1.179s] INFO:colcon.colcon_core.shell:Creating prefix util module '/root/ros_ws/install/_local_setup_util_sh.py'
[1.180s] INFO:colcon.colcon_core.shell:Creating prefix chain script '/root/ros_ws/install/setup.sh'
[1.182s] INFO:colcon.colcon_core.shell:Creating prefix script '/root/ros_ws/install/local_setup.bash'
[1.183s] INFO:colcon.colcon_core.shell:Creating prefix chain script '/root/ros_ws/install/setup.bash'
[1.184s] INFO:colcon.colcon_core.shell:Creating prefix script '/root/ros_ws/install/local_setup.zsh'
[1.186s] INFO:colcon.colcon_core.shell:Creating prefix chain script '/root/ros_ws/install/setup.zsh'
