[1.319s] Invoking command in '/root/ros_ws/src/imu_node': PYTHONPATH=/root/ros_ws/build/imu_node/prefix_override:/usr/lib/python3/dist-packages/colcon_core/task/python/colcon_distutils_commands:/root/ros_ws/install/imu_node/lib/python3.10/site-packages:${PYTHONPATH} /usr/bin/python3 -W ignore:setup.py install is deprecated -W ignore:easy_install command is deprecated setup.py egg_info --egg-base ../../build/imu_node build --build-base /root/ros_ws/build/imu_node/build install --record /root/ros_ws/build/imu_node/install.log --single-version-externally-managed install_data
[1.572s] running egg_info
[1.573s] creating ../../build/imu_node/imu_node.egg-info
[1.573s] writing ../../build/imu_node/imu_node.egg-info/PKG-INFO
[1.574s] writing dependency_links to ../../build/imu_node/imu_node.egg-info/dependency_links.txt
[1.578s] writing entry points to ../../build/imu_node/imu_node.egg-info/entry_points.txt
[1.578s] writing requirements to ../../build/imu_node/imu_node.egg-info/requires.txt
[1.578s] writing top-level names to ../../build/imu_node/imu_node.egg-info/top_level.txt
[1.578s] writing manifest file '../../build/imu_node/imu_node.egg-info/SOURCES.txt'
[1.578s] reading manifest file '../../build/imu_node/imu_node.egg-info/SOURCES.txt'
[1.578s] writing manifest file '../../build/imu_node/imu_node.egg-info/SOURCES.txt'
[1.578s] running build
[1.578s] running build_py
[1.578s] creating /root/ros_ws/build/imu_node/build
[1.578s] creating /root/ros_ws/build/imu_node/build/lib
[1.579s] creating /root/ros_ws/build/imu_node/build/lib/imu_node
[1.579s] copying imu_node/__init__.py -> /root/ros_ws/build/imu_node/build/lib/imu_node
[1.579s] copying imu_node/imu_publisher.py -> /root/ros_ws/build/imu_node/build/lib/imu_node
[1.579s] running install
[1.579s] running install_lib
[1.580s] creating /root/ros_ws/install/imu_node/lib/python3.10/site-packages/imu_node
[1.580s] copying /root/ros_ws/build/imu_node/build/lib/imu_node/__init__.py -> /root/ros_ws/install/imu_node/lib/python3.10/site-packages/imu_node
[1.580s] copying /root/ros_ws/build/imu_node/build/lib/imu_node/imu_publisher.py -> /root/ros_ws/install/imu_node/lib/python3.10/site-packages/imu_node
[1.581s] byte-compiling /root/ros_ws/install/imu_node/lib/python3.10/site-packages/imu_node/__init__.py to __init__.cpython-310.pyc
[1.581s] byte-compiling /root/ros_ws/install/imu_node/lib/python3.10/site-packages/imu_node/imu_publisher.py to imu_publisher.cpython-310.pyc
[1.582s] running install_data
[1.582s] creating /root/ros_ws/install/imu_node/share/ament_index
[1.583s] creating /root/ros_ws/install/imu_node/share/ament_index/resource_index
[1.583s] creating /root/ros_ws/install/imu_node/share/ament_index/resource_index/packages
[1.583s] copying resource/imu_node -> /root/ros_ws/install/imu_node/share/ament_index/resource_index/packages
[1.583s] copying package.xml -> /root/ros_ws/install/imu_node/share/imu_node
[1.586s] running install_egg_info
[1.586s] Copying ../../build/imu_node/imu_node.egg-info to /root/ros_ws/install/imu_node/lib/python3.10/site-packages/imu_node-0.0.0-py3.10.egg-info
[1.587s] running install_scripts
[1.620s] Installing imu_publisher script to /root/ros_ws/install/imu_node/lib/imu_node
[1.620s] writing list of installed files to '/root/ros_ws/build/imu_node/install.log'
[1.701s] Invoked command in '/root/ros_ws/src/imu_node' returned '0': PYTHONPATH=/root/ros_ws/build/imu_node/prefix_override:/usr/lib/python3/dist-packages/colcon_core/task/python/colcon_distutils_commands:/root/ros_ws/install/imu_node/lib/python3.10/site-packages:${PYTHONPATH} /usr/bin/python3 -W ignore:setup.py install is deprecated -W ignore:easy_install command is deprecated setup.py egg_info --egg-base ../../build/imu_node build --build-base /root/ros_ws/build/imu_node/build install --record /root/ros_ws/build/imu_node/install.log --single-version-externally-managed install_data
