[2.124s] Invoking command in '/root/ros_ws/src/imu_node': PYTHONPATH=/root/ros_ws/build/imu_node/prefix_override:/usr/lib/python3/dist-packages/colcon_core/task/python/colcon_distutils_commands:/root/ros_ws/install/imu_node/lib/python3.10/site-packages:${PYTHONPATH} /usr/bin/python3 -W ignore:setup.py install is deprecated -W ignore:easy_install command is deprecated setup.py egg_info --egg-base ../../build/imu_node build --build-base /root/ros_ws/build/imu_node/build install --record /root/ros_ws/build/imu_node/install.log --single-version-externally-managed install_data
[2.538s] running egg_info
[2.540s] writing ../../build/imu_node/imu_node.egg-info/PKG-INFO
[2.541s] writing dependency_links to ../../build/imu_node/imu_node.egg-info/dependency_links.txt
[2.542s] writing entry points to ../../build/imu_node/imu_node.egg-info/entry_points.txt
[2.542s] writing requirements to ../../build/imu_node/imu_node.egg-info/requires.txt
[2.543s] writing top-level names to ../../build/imu_node/imu_node.egg-info/top_level.txt
[2.547s] reading manifest file '../../build/imu_node/imu_node.egg-info/SOURCES.txt'
[2.548s] writing manifest file '../../build/imu_node/imu_node.egg-info/SOURCES.txt'
[2.548s] running build
[2.548s] running build_py
[2.551s] copying imu_node/imu_publisher.py -> /root/ros_ws/build/imu_node/build/lib/imu_node
[2.551s] running install
[2.552s] running install_lib
[2.552s] copying /root/ros_ws/build/imu_node/build/lib/imu_node/imu_publisher.py -> /root/ros_ws/install/imu_node/lib/python3.10/site-packages/imu_node
[2.552s] byte-compiling /root/ros_ws/install/imu_node/lib/python3.10/site-packages/imu_node/imu_publisher.py to imu_publisher.cpython-310.pyc
[2.554s] running install_data
[2.554s] running install_egg_info
[2.559s] removing '/root/ros_ws/install/imu_node/lib/python3.10/site-packages/imu_node-0.0.0-py3.10.egg-info' (and everything under it)
[2.560s] Copying ../../build/imu_node/imu_node.egg-info to /root/ros_ws/install/imu_node/lib/python3.10/site-packages/imu_node-0.0.0-py3.10.egg-info
[2.561s] running install_scripts
[2.597s] Installing imu_publisher script to /root/ros_ws/install/imu_node/lib/imu_node
[2.597s] writing list of installed files to '/root/ros_ws/build/imu_node/install.log'
[2.694s] Invoked command in '/root/ros_ws/src/imu_node' returned '0': PYTHONPATH=/root/ros_ws/build/imu_node/prefix_override:/usr/lib/python3/dist-packages/colcon_core/task/python/colcon_distutils_commands:/root/ros_ws/install/imu_node/lib/python3.10/site-packages:${PYTHONPATH} /usr/bin/python3 -W ignore:setup.py install is deprecated -W ignore:easy_install command is deprecated setup.py egg_info --egg-base ../../build/imu_node build --build-base /root/ros_ws/build/imu_node/build install --record /root/ros_ws/build/imu_node/install.log --single-version-externally-managed install_data
