[0.822s] Invoking command in '/home/util/Documents/Projet/ros2_remote/ros_ws/src/bridge_manette': PYTHONPATH=/home/util/Documents/Projet/ros2_remote/ros_ws/build/bridge_manette/prefix_override:/usr/lib/python3/dist-packages/colcon_core/task/python/colcon_distutils_commands:/home/util/Documents/Projet/ros2_remote/ros_ws/install/bridge_manette/lib/python3.10/site-packages:${PYTHONPATH} /usr/bin/python3 -W ignore:setup.py install is deprecated -W ignore:easy_install command is deprecated setup.py egg_info --egg-base ../../build/bridge_manette build --build-base /home/util/Documents/Projet/ros2_remote/ros_ws/build/bridge_manette/build install --record /home/util/Documents/Projet/ros2_remote/ros_ws/build/bridge_manette/install.log --single-version-externally-managed install_data
[1.066s] running egg_info
[1.067s] creating ../../build/bridge_manette/bridge_manette.egg-info
[1.067s] writing ../../build/bridge_manette/bridge_manette.egg-info/PKG-INFO
[1.067s] writing dependency_links to ../../build/bridge_manette/bridge_manette.egg-info/dependency_links.txt
[1.067s] writing entry points to ../../build/bridge_manette/bridge_manette.egg-info/entry_points.txt
[1.067s] writing requirements to ../../build/bridge_manette/bridge_manette.egg-info/requires.txt
[1.067s] writing top-level names to ../../build/bridge_manette/bridge_manette.egg-info/top_level.txt
[1.067s] writing manifest file '../../build/bridge_manette/bridge_manette.egg-info/SOURCES.txt'
[1.068s] reading manifest file '../../build/bridge_manette/bridge_manette.egg-info/SOURCES.txt'
[1.068s] adding license file 'LICENSE'
[1.071s] writing manifest file '../../build/bridge_manette/bridge_manette.egg-info/SOURCES.txt'
[1.071s] running build
[1.072s] running build_py
[1.072s] creating /home/util/Documents/Projet/ros2_remote/ros_ws/build/bridge_manette/build
[1.072s] creating /home/util/Documents/Projet/ros2_remote/ros_ws/build/bridge_manette/build/lib
[1.072s] creating /home/util/Documents/Projet/ros2_remote/ros_ws/build/bridge_manette/build/lib/bridge_manette
[1.072s] copying bridge_manette/__init__.py -> /home/util/Documents/Projet/ros2_remote/ros_ws/build/bridge_manette/build/lib/bridge_manette
[1.072s] running install
[1.072s] running install_lib
[1.072s] creating /home/util/Documents/Projet/ros2_remote/ros_ws/install/bridge_manette/lib/python3.10/site-packages/bridge_manette
[1.072s] copying /home/util/Documents/Projet/ros2_remote/ros_ws/build/bridge_manette/build/lib/bridge_manette/__init__.py -> /home/util/Documents/Projet/ros2_remote/ros_ws/install/bridge_manette/lib/python3.10/site-packages/bridge_manette
[1.073s] byte-compiling /home/util/Documents/Projet/ros2_remote/ros_ws/install/bridge_manette/lib/python3.10/site-packages/bridge_manette/__init__.py to __init__.cpython-310.pyc
[1.073s] running install_data
[1.074s] creating /home/util/Documents/Projet/ros2_remote/ros_ws/install/bridge_manette/share/ament_index
[1.074s] creating /home/util/Documents/Projet/ros2_remote/ros_ws/install/bridge_manette/share/ament_index/resource_index
[1.074s] creating /home/util/Documents/Projet/ros2_remote/ros_ws/install/bridge_manette/share/ament_index/resource_index/packages
[1.074s] copying resource/bridge_manette -> /home/util/Documents/Projet/ros2_remote/ros_ws/install/bridge_manette/share/ament_index/resource_index/packages
[1.074s] copying package.xml -> /home/util/Documents/Projet/ros2_remote/ros_ws/install/bridge_manette/share/bridge_manette
[1.074s] running install_egg_info
[1.077s] Copying ../../build/bridge_manette/bridge_manette.egg-info to /home/util/Documents/Projet/ros2_remote/ros_ws/install/bridge_manette/lib/python3.10/site-packages/bridge_manette-0.0.0-py3.10.egg-info
[1.078s] running install_scripts
[1.110s] writing list of installed files to '/home/util/Documents/Projet/ros2_remote/ros_ws/build/bridge_manette/install.log'
[1.152s] Invoked command in '/home/util/Documents/Projet/ros2_remote/ros_ws/src/bridge_manette' returned '0': PYTHONPATH=/home/util/Documents/Projet/ros2_remote/ros_ws/build/bridge_manette/prefix_override:/usr/lib/python3/dist-packages/colcon_core/task/python/colcon_distutils_commands:/home/util/Documents/Projet/ros2_remote/ros_ws/install/bridge_manette/lib/python3.10/site-packages:${PYTHONPATH} /usr/bin/python3 -W ignore:setup.py install is deprecated -W ignore:easy_install command is deprecated setup.py egg_info --egg-base ../../build/bridge_manette build --build-base /home/util/Documents/Projet/ros2_remote/ros_ws/build/bridge_manette/build install --record /home/util/Documents/Projet/ros2_remote/ros_ws/build/bridge_manette/install.log --single-version-externally-managed install_data
