[0.568s] Invoking command in '/root/ros_ws/monitorWatchdog/src': PYTHONPATH=/root/ros_ws/monitorWatchdog/build/watchdog_monitoring/prefix_override:/usr/lib/python3/dist-packages/colcon_core/task/python/colcon_distutils_commands:/root/ros_ws/monitorWatchdog/install/watchdog_monitoring/lib/python3.10/site-packages:${PYTHONPATH} /usr/bin/python3 -W ignore:setup.py install is deprecated -W ignore:easy_install command is deprecated setup.py egg_info --egg-base ../build/watchdog_monitoring build --build-base /root/ros_ws/monitorWatchdog/build/watchdog_monitoring/build install --record /root/ros_ws/monitorWatchdog/build/watchdog_monitoring/install.log --single-version-externally-managed install_data
[0.765s] running egg_info
[0.769s] creating ../build/watchdog_monitoring/watchdog_monitoring.egg-info
[0.769s] writing ../build/watchdog_monitoring/watchdog_monitoring.egg-info/PKG-INFO
[0.770s] writing dependency_links to ../build/watchdog_monitoring/watchdog_monitoring.egg-info/dependency_links.txt
[0.770s] writing entry points to ../build/watchdog_monitoring/watchdog_monitoring.egg-info/entry_points.txt
[0.770s] writing requirements to ../build/watchdog_monitoring/watchdog_monitoring.egg-info/requires.txt
[0.770s] writing top-level names to ../build/watchdog_monitoring/watchdog_monitoring.egg-info/top_level.txt
[0.770s] writing manifest file '../build/watchdog_monitoring/watchdog_monitoring.egg-info/SOURCES.txt'
[0.770s] reading manifest file '../build/watchdog_monitoring/watchdog_monitoring.egg-info/SOURCES.txt'
[0.770s] writing manifest file '../build/watchdog_monitoring/watchdog_monitoring.egg-info/SOURCES.txt'
[0.770s] running build
[0.770s] running build_py
[0.770s] creating /root/ros_ws/monitorWatchdog/build/watchdog_monitoring/build
[0.770s] creating /root/ros_ws/monitorWatchdog/build/watchdog_monitoring/build/lib
[0.770s] creating /root/ros_ws/monitorWatchdog/build/watchdog_monitoring/build/lib/watchdog_monitoring
[0.770s] copying watchdog_monitoring/__init__.py -> /root/ros_ws/monitorWatchdog/build/watchdog_monitoring/build/lib/watchdog_monitoring
[0.770s] copying watchdog_monitoring/watchdog_node.py -> /root/ros_ws/monitorWatchdog/build/watchdog_monitoring/build/lib/watchdog_monitoring
[0.770s] running install
[0.770s] running install_lib
[0.771s] creating /root/ros_ws/monitorWatchdog/install/watchdog_monitoring/lib/python3.10/site-packages/watchdog_monitoring
[0.771s] copying /root/ros_ws/monitorWatchdog/build/watchdog_monitoring/build/lib/watchdog_monitoring/__init__.py -> /root/ros_ws/monitorWatchdog/install/watchdog_monitoring/lib/python3.10/site-packages/watchdog_monitoring
[0.771s] copying /root/ros_ws/monitorWatchdog/build/watchdog_monitoring/build/lib/watchdog_monitoring/watchdog_node.py -> /root/ros_ws/monitorWatchdog/install/watchdog_monitoring/lib/python3.10/site-packages/watchdog_monitoring
[0.771s] byte-compiling /root/ros_ws/monitorWatchdog/install/watchdog_monitoring/lib/python3.10/site-packages/watchdog_monitoring/__init__.py to __init__.cpython-310.pyc
[0.772s] byte-compiling /root/ros_ws/monitorWatchdog/install/watchdog_monitoring/lib/python3.10/site-packages/watchdog_monitoring/watchdog_node.py to watchdog_node.cpython-310.pyc
[0.772s] running install_data
[0.772s] creating /root/ros_ws/monitorWatchdog/install/watchdog_monitoring/share/ament_index
[0.772s] creating /root/ros_ws/monitorWatchdog/install/watchdog_monitoring/share/ament_index/resource_index
[0.772s] creating /root/ros_ws/monitorWatchdog/install/watchdog_monitoring/share/ament_index/resource_index/packages
[0.773s] copying resource/watchdog_monitoring -> /root/ros_ws/monitorWatchdog/install/watchdog_monitoring/share/ament_index/resource_index/packages
[0.773s] copying package.xml -> /root/ros_ws/monitorWatchdog/install/watchdog_monitoring/share/watchdog_monitoring
[0.773s] running install_egg_info
[0.775s] Copying ../build/watchdog_monitoring/watchdog_monitoring.egg-info to /root/ros_ws/monitorWatchdog/install/watchdog_monitoring/lib/python3.10/site-packages/watchdog_monitoring-0.0.0-py3.10.egg-info
[0.776s] running install_scripts
[0.800s] Installing watchdog_node script to /root/ros_ws/monitorWatchdog/install/watchdog_monitoring/lib/watchdog_monitoring
[0.800s] writing list of installed files to '/root/ros_ws/monitorWatchdog/build/watchdog_monitoring/install.log'
[0.848s] Invoked command in '/root/ros_ws/monitorWatchdog/src' returned '0': PYTHONPATH=/root/ros_ws/monitorWatchdog/build/watchdog_monitoring/prefix_override:/usr/lib/python3/dist-packages/colcon_core/task/python/colcon_distutils_commands:/root/ros_ws/monitorWatchdog/install/watchdog_monitoring/lib/python3.10/site-packages:${PYTHONPATH} /usr/bin/python3 -W ignore:setup.py install is deprecated -W ignore:easy_install command is deprecated setup.py egg_info --egg-base ../build/watchdog_monitoring build --build-base /root/ros_ws/monitorWatchdog/build/watchdog_monitoring/build install --record /root/ros_ws/monitorWatchdog/build/watchdog_monitoring/install.log --single-version-externally-managed install_data
