running egg_info
creating ../../build/lora_uart_node/lora_uart_node.egg-info
writing ../../build/lora_uart_node/lora_uart_node.egg-info/PKG-INFO
writing dependency_links to ../../build/lora_uart_node/lora_uart_node.egg-info/dependency_links.txt
writing entry points to ../../build/lora_uart_node/lora_uart_node.egg-info/entry_points.txt
writing requirements to ../../build/lora_uart_node/lora_uart_node.egg-info/requires.txt
writing top-level names to ../../build/lora_uart_node/lora_uart_node.egg-info/top_level.txt
writing manifest file '../../build/lora_uart_node/lora_uart_node.egg-info/SOURCES.txt'
reading manifest file '../../build/lora_uart_node/lora_uart_node.egg-info/SOURCES.txt'
writing manifest file '../../build/lora_uart_node/lora_uart_node.egg-info/SOURCES.txt'
running build
running build_py
creating /home/util/Documents/Projet/ros2_remote/ros_ws/build/lora_uart_node/build
creating /home/util/Documents/Projet/ros2_remote/ros_ws/build/lora_uart_node/build/lib
creating /home/util/Documents/Projet/ros2_remote/ros_ws/build/lora_uart_node/build/lib/lora_uart_node
copying lora_uart_node/__init__.py -> /home/util/Documents/Projet/ros2_remote/ros_ws/build/lora_uart_node/build/lib/lora_uart_node
copying lora_uart_node/joy_to_topic.py -> /home/util/Documents/Projet/ros2_remote/ros_ws/build/lora_uart_node/build/lib/lora_uart_node
running install
running install_lib
creating /home/util/Documents/Projet/ros2_remote/ros_ws/install/lora_uart_node/lib/python3.10/site-packages/lora_uart_node
copying /home/util/Documents/Projet/ros2_remote/ros_ws/build/lora_uart_node/build/lib/lora_uart_node/__init__.py -> /home/util/Documents/Projet/ros2_remote/ros_ws/install/lora_uart_node/lib/python3.10/site-packages/lora_uart_node
copying /home/util/Documents/Projet/ros2_remote/ros_ws/build/lora_uart_node/build/lib/lora_uart_node/joy_to_topic.py -> /home/util/Documents/Projet/ros2_remote/ros_ws/install/lora_uart_node/lib/python3.10/site-packages/lora_uart_node
byte-compiling /home/util/Documents/Projet/ros2_remote/ros_ws/install/lora_uart_node/lib/python3.10/site-packages/lora_uart_node/__init__.py to __init__.cpython-310.pyc
byte-compiling /home/util/Documents/Projet/ros2_remote/ros_ws/install/lora_uart_node/lib/python3.10/site-packages/lora_uart_node/joy_to_topic.py to joy_to_topic.cpython-310.pyc
running install_data
creating /home/util/Documents/Projet/ros2_remote/ros_ws/install/lora_uart_node/share/ament_index
creating /home/util/Documents/Projet/ros2_remote/ros_ws/install/lora_uart_node/share/ament_index/resource_index
creating /home/util/Documents/Projet/ros2_remote/ros_ws/install/lora_uart_node/share/ament_index/resource_index/packages
copying resource/lora_uart_node -> /home/util/Documents/Projet/ros2_remote/ros_ws/install/lora_uart_node/share/ament_index/resource_index/packages
copying package.xml -> /home/util/Documents/Projet/ros2_remote/ros_ws/install/lora_uart_node/share/lora_uart_node
running install_egg_info
Copying ../../build/lora_uart_node/lora_uart_node.egg-info to /home/util/Documents/Projet/ros2_remote/ros_ws/install/lora_uart_node/lib/python3.10/site-packages/lora_uart_node-0.0.0-py3.10.egg-info
running install_scripts
writing list of installed files to '/home/util/Documents/Projet/ros2_remote/ros_ws/build/lora_uart_node/install.log'
