[0.822s] Invoking command in '/home/util/Documents/Projet/ros2_remote/ros_ws/config/lora_uart_node': PYTHONPATH=/home/util/Documents/Projet/ros2_remote/ros_ws/build/lora_uart_node/prefix_override:/usr/lib/python3/dist-packages/colcon_core/task/python/colcon_distutils_commands:/home/util/Documents/Projet/ros2_remote/ros_ws/install/lora_uart_node/lib/python3.10/site-packages:${PYTHONPATH} /usr/bin/python3 -W ignore:setup.py install is deprecated -W ignore:easy_install command is deprecated setup.py egg_info --egg-base ../../build/lora_uart_node build --build-base /home/util/Documents/Projet/ros2_remote/ros_ws/build/lora_uart_node/build install --record /home/util/Documents/Projet/ros2_remote/ros_ws/build/lora_uart_node/install.log --single-version-externally-managed install_data
[1.052s] running egg_info
[1.052s] creating ../../build/lora_uart_node/lora_uart_node.egg-info
[1.052s] writing ../../build/lora_uart_node/lora_uart_node.egg-info/PKG-INFO
[1.052s] writing dependency_links to ../../build/lora_uart_node/lora_uart_node.egg-info/dependency_links.txt
[1.053s] writing entry points to ../../build/lora_uart_node/lora_uart_node.egg-info/entry_points.txt
[1.054s] writing requirements to ../../build/lora_uart_node/lora_uart_node.egg-info/requires.txt
[1.054s] writing top-level names to ../../build/lora_uart_node/lora_uart_node.egg-info/top_level.txt
[1.054s] writing manifest file '../../build/lora_uart_node/lora_uart_node.egg-info/SOURCES.txt'
[1.054s] reading manifest file '../../build/lora_uart_node/lora_uart_node.egg-info/SOURCES.txt'
[1.054s] writing manifest file '../../build/lora_uart_node/lora_uart_node.egg-info/SOURCES.txt'
[1.054s] running build
[1.055s] running build_py
[1.055s] creating /home/util/Documents/Projet/ros2_remote/ros_ws/build/lora_uart_node/build
[1.055s] creating /home/util/Documents/Projet/ros2_remote/ros_ws/build/lora_uart_node/build/lib
[1.055s] creating /home/util/Documents/Projet/ros2_remote/ros_ws/build/lora_uart_node/build/lib/lora_uart_node
[1.056s] copying lora_uart_node/__init__.py -> /home/util/Documents/Projet/ros2_remote/ros_ws/build/lora_uart_node/build/lib/lora_uart_node
[1.056s] copying lora_uart_node/joy_to_topic.py -> /home/util/Documents/Projet/ros2_remote/ros_ws/build/lora_uart_node/build/lib/lora_uart_node
[1.056s] running install
[1.056s] running install_lib
[1.056s] creating /home/util/Documents/Projet/ros2_remote/ros_ws/install/lora_uart_node/lib/python3.10/site-packages/lora_uart_node
[1.056s] copying /home/util/Documents/Projet/ros2_remote/ros_ws/build/lora_uart_node/build/lib/lora_uart_node/__init__.py -> /home/util/Documents/Projet/ros2_remote/ros_ws/install/lora_uart_node/lib/python3.10/site-packages/lora_uart_node
[1.056s] copying /home/util/Documents/Projet/ros2_remote/ros_ws/build/lora_uart_node/build/lib/lora_uart_node/joy_to_topic.py -> /home/util/Documents/Projet/ros2_remote/ros_ws/install/lora_uart_node/lib/python3.10/site-packages/lora_uart_node
[1.056s] byte-compiling /home/util/Documents/Projet/ros2_remote/ros_ws/install/lora_uart_node/lib/python3.10/site-packages/lora_uart_node/__init__.py to __init__.cpython-310.pyc
[1.056s] byte-compiling /home/util/Documents/Projet/ros2_remote/ros_ws/install/lora_uart_node/lib/python3.10/site-packages/lora_uart_node/joy_to_topic.py to joy_to_topic.cpython-310.pyc
[1.056s] running install_data
[1.056s] creating /home/util/Documents/Projet/ros2_remote/ros_ws/install/lora_uart_node/share/ament_index
[1.056s] creating /home/util/Documents/Projet/ros2_remote/ros_ws/install/lora_uart_node/share/ament_index/resource_index
[1.056s] creating /home/util/Documents/Projet/ros2_remote/ros_ws/install/lora_uart_node/share/ament_index/resource_index/packages
[1.056s] copying resource/lora_uart_node -> /home/util/Documents/Projet/ros2_remote/ros_ws/install/lora_uart_node/share/ament_index/resource_index/packages
[1.056s] copying package.xml -> /home/util/Documents/Projet/ros2_remote/ros_ws/install/lora_uart_node/share/lora_uart_node
[1.056s] running install_egg_info
[1.056s] Copying ../../build/lora_uart_node/lora_uart_node.egg-info to /home/util/Documents/Projet/ros2_remote/ros_ws/install/lora_uart_node/lib/python3.10/site-packages/lora_uart_node-0.0.0-py3.10.egg-info
[1.057s] running install_scripts
[1.084s] writing list of installed files to '/home/util/Documents/Projet/ros2_remote/ros_ws/build/lora_uart_node/install.log'
[1.123s] Invoked command in '/home/util/Documents/Projet/ros2_remote/ros_ws/config/lora_uart_node' returned '0': PYTHONPATH=/home/util/Documents/Projet/ros2_remote/ros_ws/build/lora_uart_node/prefix_override:/usr/lib/python3/dist-packages/colcon_core/task/python/colcon_distutils_commands:/home/util/Documents/Projet/ros2_remote/ros_ws/install/lora_uart_node/lib/python3.10/site-packages:${PYTHONPATH} /usr/bin/python3 -W ignore:setup.py install is deprecated -W ignore:easy_install command is deprecated setup.py egg_info --egg-base ../../build/lora_uart_node build --build-base /home/util/Documents/Projet/ros2_remote/ros_ws/build/lora_uart_node/build install --record /home/util/Documents/Projet/ros2_remote/ros_ws/build/lora_uart_node/install.log --single-version-externally-managed install_data
