[1.126s] Invoking command in '/root/ros_ws/src/monitorWatchdog/src': PYTHONPATH=/root/ros_ws/build/watchdog_monitoring/prefix_override:/usr/lib/python3/dist-packages/colcon_core/task/python/colcon_distutils_commands:/root/ros_ws/install/watchdog_monitoring/lib/python3.10/site-packages:${PYTHONPATH} /usr/bin/python3 -W ignore:setup.py install is deprecated -W ignore:easy_install command is deprecated setup.py egg_info --egg-base ../../../build/watchdog_monitoring build --build-base /root/ros_ws/build/watchdog_monitoring/build install --record /root/ros_ws/build/watchdog_monitoring/install.log --single-version-externally-managed install_data
[1.516s] running egg_info
[1.518s] writing ../../../build/watchdog_monitoring/watchdog_monitoring.egg-info/PKG-INFO
[1.518s] writing dependency_links to ../../../build/watchdog_monitoring/watchdog_monitoring.egg-info/dependency_links.txt
[1.520s] writing entry points to ../../../build/watchdog_monitoring/watchdog_monitoring.egg-info/entry_points.txt
[1.521s] writing requirements to ../../../build/watchdog_monitoring/watchdog_monitoring.egg-info/requires.txt
[1.523s] writing top-level names to ../../../build/watchdog_monitoring/watchdog_monitoring.egg-info/top_level.txt
[1.528s] reading manifest file '../../../build/watchdog_monitoring/watchdog_monitoring.egg-info/SOURCES.txt'
[1.530s] writing manifest file '../../../build/watchdog_monitoring/watchdog_monitoring.egg-info/SOURCES.txt'
[1.530s] running build
[1.530s] running build_py
[1.530s] running install
[1.531s] running install_lib
[1.536s] running install_data
[1.536s] running install_egg_info
[1.538s] removing '/root/ros_ws/install/watchdog_monitoring/lib/python3.10/site-packages/watchdog_monitoring-0.0.0-py3.10.egg-info' (and everything under it)
[1.538s] Copying ../../../build/watchdog_monitoring/watchdog_monitoring.egg-info to /root/ros_ws/install/watchdog_monitoring/lib/python3.10/site-packages/watchdog_monitoring-0.0.0-py3.10.egg-info
[1.541s] running install_scripts
[1.585s] Installing watchdog_node script to /root/ros_ws/install/watchdog_monitoring/lib/watchdog_monitoring
[1.590s] writing list of installed files to '/root/ros_ws/build/watchdog_monitoring/install.log'
[1.671s] Invoked command in '/root/ros_ws/src/monitorWatchdog/src' returned '0': PYTHONPATH=/root/ros_ws/build/watchdog_monitoring/prefix_override:/usr/lib/python3/dist-packages/colcon_core/task/python/colcon_distutils_commands:/root/ros_ws/install/watchdog_monitoring/lib/python3.10/site-packages:${PYTHONPATH} /usr/bin/python3 -W ignore:setup.py install is deprecated -W ignore:easy_install command is deprecated setup.py egg_info --egg-base ../../../build/watchdog_monitoring build --build-base /root/ros_ws/build/watchdog_monitoring/build install --record /root/ros_ws/build/watchdog_monitoring/install.log --single-version-externally-managed install_data
