[0.228s] DEBUG:colcon:Command line arguments: ['/usr/bin/colcon', 'build']
[0.228s] DEBUG:colcon:Parsed command line arguments: Namespace(log_base=None, log_level=None, verb_name='build', build_base='build', install_base='install', merge_install=False, symlink_install=False, test_result_base=None, continue_on_error=False, executor='parallel', parallel_workers=4, event_handlers=None, ignore_user_meta=False, metas=['./colcon.meta'], base_paths=['.'], packages_ignore=None, packages_ignore_regex=None, paths=None, packages_up_to=None, packages_up_to_regex=None, packages_above=None, packages_above_and_dependencies=None, packages_above_depth=None, packages_select_by_dep=None, packages_skip_by_dep=None, packages_skip_up_to=None, packages_select_build_failed=False, packages_skip_build_finished=False, packages_select_test_failures=False, packages_skip_test_passed=False, packages_select=None, packages_skip=None, packages_select_regex=None, packages_skip_regex=None, packages_start=None, packages_end=None, cmake_args=None, cmake_target=None, cmake_target_skip_unavailable=False, cmake_clean_cache=False, cmake_clean_first=False, cmake_force_configure=False, ament_cmake_args=None, catkin_cmake_args=None, catkin_skip_building_tests=False, mixin_files=None, mixin=None, verb_parser=<colcon_mixin.mixin.mixin_argument.MixinArgumentDecorator object at 0x7ffed515f100>, verb_extension=<colcon_core.verb.build.BuildVerb object at 0x7ffed511cc10>, main=<bound method BuildVerb.main of <colcon_core.verb.build.BuildVerb object at 0x7ffed511cc10>>, mixin_verb=('build',))
[0.518s] Level 1:colcon.colcon_core.package_discovery:discover_packages(colcon_meta) check parameters
[0.519s] INFO:colcon.colcon_metadata.package_discovery.colcon_meta:Using configuration from '/root/.colcon/metadata/default/Gazebo.meta'
[0.520s] INFO:colcon.colcon_metadata.package_discovery.colcon_meta:Using configuration from '/root/.colcon/metadata/default/fastdds.meta'
[0.521s] INFO:colcon.colcon_metadata.package_discovery.colcon_meta:Using configuration from '/root/.colcon/metadata/default/fastrtps.meta'
[0.522s] Level 1:colcon.colcon_core.package_discovery:discover_packages(recursive) check parameters
[0.522s] Level 1:colcon.colcon_core.package_discovery:discover_packages(ignore) check parameters
[0.522s] Level 1:colcon.colcon_core.package_discovery:discover_packages(path) check parameters
[0.522s] Level 1:colcon.colcon_core.package_discovery:discover_packages(colcon_meta) discover
[0.522s] Level 1:colcon.colcon_core.package_discovery:discover_packages(recursive) discover
[0.522s] INFO:colcon.colcon_core.package_discovery:Crawling recursively for packages in '/root/ros_ws'
[0.522s] Level 1:colcon.colcon_core.package_identification:_identify(.) by extensions ['ignore', 'ignore_ament_install']
[0.522s] Level 1:colcon.colcon_core.package_identification:_identify(.) by extension 'ignore'
[0.522s] Level 1:colcon.colcon_core.package_identification:_identify(.) by extension 'ignore_ament_install'
[0.522s] Level 1:colcon.colcon_core.package_identification:_identify(.) by extensions ['colcon_pkg']
[0.522s] Level 1:colcon.colcon_core.package_identification:_identify(.) by extension 'colcon_pkg'
[0.522s] Level 1:colcon.colcon_core.package_identification:_identify(.) by extensions ['colcon_meta']
[0.523s] Level 1:colcon.colcon_core.package_identification:_identify(.) by extension 'colcon_meta'
[0.523s] Level 1:colcon.colcon_core.package_identification:_identify(.) by extensions ['ros']
[0.523s] Level 1:colcon.colcon_core.package_identification:_identify(.) by extension 'ros'
[0.542s] Level 1:colcon.colcon_core.package_identification:_identify(.) by extensions ['cmake', 'python']
[0.542s] Level 1:colcon.colcon_core.package_identification:_identify(.) by extension 'cmake'
[0.542s] Level 1:colcon.colcon_core.package_identification:_identify(.) by extension 'python'
[0.542s] Level 1:colcon.colcon_core.package_identification:_identify(.) by extensions ['python_setup_py']
[0.542s] Level 1:colcon.colcon_core.package_identification:_identify(.) by extension 'python_setup_py'
[0.542s] Level 1:colcon.colcon_core.package_identification:_identify(Waypoints) by extensions ['ignore', 'ignore_ament_install']
[0.543s] Level 1:colcon.colcon_core.package_identification:_identify(Waypoints) by extension 'ignore'
[0.543s] Level 1:colcon.colcon_core.package_identification:_identify(Waypoints) by extension 'ignore_ament_install'
[0.543s] Level 1:colcon.colcon_core.package_identification:_identify(Waypoints) by extensions ['colcon_pkg']
[0.543s] Level 1:colcon.colcon_core.package_identification:_identify(Waypoints) by extension 'colcon_pkg'
[0.543s] Level 1:colcon.colcon_core.package_identification:_identify(Waypoints) by extensions ['colcon_meta']
[0.543s] Level 1:colcon.colcon_core.package_identification:_identify(Waypoints) by extension 'colcon_meta'
[0.543s] Level 1:colcon.colcon_core.package_identification:_identify(Waypoints) by extensions ['ros']
[0.543s] Level 1:colcon.colcon_core.package_identification:_identify(Waypoints) by extension 'ros'
[0.543s] Level 1:colcon.colcon_core.package_identification:_identify(Waypoints) by extensions ['cmake', 'python']
[0.544s] Level 1:colcon.colcon_core.package_identification:_identify(Waypoints) by extension 'cmake'
[0.544s] Level 1:colcon.colcon_core.package_identification:_identify(Waypoints) by extension 'python'
[0.544s] Level 1:colcon.colcon_core.package_identification:_identify(Waypoints) by extensions ['python_setup_py']
[0.544s] Level 1:colcon.colcon_core.package_identification:_identify(Waypoints) by extension 'python_setup_py'
[0.544s] Level 1:colcon.colcon_core.package_identification:_identify(build) by extensions ['ignore', 'ignore_ament_install']
[0.544s] Level 1:colcon.colcon_core.package_identification:_identify(build) by extension 'ignore'
[0.544s] Level 1:colcon.colcon_core.package_identification:_identify(build) ignored
[0.545s] Level 1:colcon.colcon_core.package_identification:_identify(install) by extensions ['ignore', 'ignore_ament_install']
[0.545s] Level 1:colcon.colcon_core.package_identification:_identify(install) by extension 'ignore'
[0.545s] Level 1:colcon.colcon_core.package_identification:_identify(install) ignored
[0.546s] Level 1:colcon.colcon_core.package_identification:_identify(log) by extensions ['ignore', 'ignore_ament_install']
[0.546s] Level 1:colcon.colcon_core.package_identification:_identify(log) by extension 'ignore'
[0.546s] Level 1:colcon.colcon_core.package_identification:_identify(log) ignored
[0.547s] Level 1:colcon.colcon_core.package_identification:_identify(src) by extensions ['ignore', 'ignore_ament_install']
[0.547s] Level 1:colcon.colcon_core.package_identification:_identify(src) by extension 'ignore'
[0.547s] Level 1:colcon.colcon_core.package_identification:_identify(src) by extension 'ignore_ament_install'
[0.547s] Level 1:colcon.colcon_core.package_identification:_identify(src) by extensions ['colcon_pkg']
[0.547s] Level 1:colcon.colcon_core.package_identification:_identify(src) by extension 'colcon_pkg'
[0.547s] Level 1:colcon.colcon_core.package_identification:_identify(src) by extensions ['colcon_meta']
[0.547s] Level 1:colcon.colcon_core.package_identification:_identify(src) by extension 'colcon_meta'
[0.547s] Level 1:colcon.colcon_core.package_identification:_identify(src) by extensions ['ros']
[0.547s] Level 1:colcon.colcon_core.package_identification:_identify(src) by extension 'ros'
[0.548s] Level 1:colcon.colcon_core.package_identification:_identify(src) by extensions ['cmake', 'python']
[0.548s] Level 1:colcon.colcon_core.package_identification:_identify(src) by extension 'cmake'
[0.548s] Level 1:colcon.colcon_core.package_identification:_identify(src) by extension 'python'
[0.548s] Level 1:colcon.colcon_core.package_identification:_identify(src) by extensions ['python_setup_py']
[0.548s] Level 1:colcon.colcon_core.package_identification:_identify(src) by extension 'python_setup_py'
[0.548s] Level 1:colcon.colcon_core.package_identification:_identify(src/gps_simulator) by extensions ['ignore', 'ignore_ament_install']
[0.548s] Level 1:colcon.colcon_core.package_identification:_identify(src/gps_simulator) by extension 'ignore'
[0.548s] Level 1:colcon.colcon_core.package_identification:_identify(src/gps_simulator) by extension 'ignore_ament_install'
[0.548s] Level 1:colcon.colcon_core.package_identification:_identify(src/gps_simulator) by extensions ['colcon_pkg']
[0.548s] Level 1:colcon.colcon_core.package_identification:_identify(src/gps_simulator) by extension 'colcon_pkg'
[0.548s] Level 1:colcon.colcon_core.package_identification:_identify(src/gps_simulator) by extensions ['colcon_meta']
[0.548s] Level 1:colcon.colcon_core.package_identification:_identify(src/gps_simulator) by extension 'colcon_meta'
[0.548s] Level 1:colcon.colcon_core.package_identification:_identify(src/gps_simulator) by extensions ['ros']
[0.548s] Level 1:colcon.colcon_core.package_identification:_identify(src/gps_simulator) by extension 'ros'
[0.553s] DEBUG:colcon.colcon_core.package_identification:Package 'src/gps_simulator' with type 'ros.ament_python' and name 'gps_simulator'
[0.554s] Level 1:colcon.colcon_core.package_identification:_identify(src/imu_node) by extensions ['ignore', 'ignore_ament_install']
[0.554s] Level 1:colcon.colcon_core.package_identification:_identify(src/imu_node) by extension 'ignore'
[0.554s] Level 1:colcon.colcon_core.package_identification:_identify(src/imu_node) by extension 'ignore_ament_install'
[0.554s] Level 1:colcon.colcon_core.package_identification:_identify(src/imu_node) by extensions ['colcon_pkg']
[0.554s] Level 1:colcon.colcon_core.package_identification:_identify(src/imu_node) by extension 'colcon_pkg'
[0.555s] Level 1:colcon.colcon_core.package_identification:_identify(src/imu_node) by extensions ['colcon_meta']
[0.555s] Level 1:colcon.colcon_core.package_identification:_identify(src/imu_node) by extension 'colcon_meta'
[0.555s] Level 1:colcon.colcon_core.package_identification:_identify(src/imu_node) by extensions ['ros']
[0.555s] Level 1:colcon.colcon_core.package_identification:_identify(src/imu_node) by extension 'ros'
[0.557s] DEBUG:colcon.colcon_core.package_identification:Package 'src/imu_node' with type 'ros.ament_python' and name 'imu_node'
[0.557s] Level 1:colcon.colcon_core.package_identification:_identify(src/node_consigne) by extensions ['ignore', 'ignore_ament_install']
[0.557s] Level 1:colcon.colcon_core.package_identification:_identify(src/node_consigne) by extension 'ignore'
[0.558s] Level 1:colcon.colcon_core.package_identification:_identify(src/node_consigne) by extension 'ignore_ament_install'
[0.558s] Level 1:colcon.colcon_core.package_identification:_identify(src/node_consigne) by extensions ['colcon_pkg']
[0.558s] Level 1:colcon.colcon_core.package_identification:_identify(src/node_consigne) by extension 'colcon_pkg'
[0.558s] Level 1:colcon.colcon_core.package_identification:_identify(src/node_consigne) by extensions ['colcon_meta']
[0.558s] Level 1:colcon.colcon_core.package_identification:_identify(src/node_consigne) by extension 'colcon_meta'
[0.558s] Level 1:colcon.colcon_core.package_identification:_identify(src/node_consigne) by extensions ['ros']
[0.558s] Level 1:colcon.colcon_core.package_identification:_identify(src/node_consigne) by extension 'ros'
[0.559s] DEBUG:colcon.colcon_core.package_identification:Package 'src/node_consigne' with type 'ros.ament_python' and name 'node_consigne'
[0.560s] Level 1:colcon.colcon_core.package_discovery:discover_packages(recursive) using defaults
[0.560s] Level 1:colcon.colcon_core.package_discovery:discover_packages(ignore) discover
[0.560s] Level 1:colcon.colcon_core.package_discovery:discover_packages(ignore) using defaults
[0.560s] Level 1:colcon.colcon_core.package_discovery:discover_packages(path) discover
[0.560s] Level 1:colcon.colcon_core.package_discovery:discover_packages(path) using defaults
[0.603s] Level 5:colcon.colcon_core.verb:set package 'gps_simulator' build argument 'cmake_args' from command line to 'None'
[0.603s] Level 5:colcon.colcon_core.verb:set package 'gps_simulator' build argument 'cmake_target' from command line to 'None'
[0.603s] Level 5:colcon.colcon_core.verb:set package 'gps_simulator' build argument 'cmake_target_skip_unavailable' from command line to 'False'
[0.603s] Level 5:colcon.colcon_core.verb:set package 'gps_simulator' build argument 'cmake_clean_cache' from command line to 'False'
[0.603s] Level 5:colcon.colcon_core.verb:set package 'gps_simulator' build argument 'cmake_clean_first' from command line to 'False'
[0.603s] Level 5:colcon.colcon_core.verb:set package 'gps_simulator' build argument 'cmake_force_configure' from command line to 'False'
[0.603s] Level 5:colcon.colcon_core.verb:set package 'gps_simulator' build argument 'ament_cmake_args' from command line to 'None'
[0.603s] Level 5:colcon.colcon_core.verb:set package 'gps_simulator' build argument 'catkin_cmake_args' from command line to 'None'
[0.603s] Level 5:colcon.colcon_core.verb:set package 'gps_simulator' build argument 'catkin_skip_building_tests' from command line to 'False'
[0.604s] DEBUG:colcon.colcon_core.verb:Building package 'gps_simulator' with the following arguments: {'ament_cmake_args': None, 'build_base': '/root/ros_ws/build/gps_simulator', 'catkin_cmake_args': None, 'catkin_skip_building_tests': False, 'cmake_args': None, 'cmake_clean_cache': False, 'cmake_clean_first': False, 'cmake_force_configure': False, 'cmake_target': None, 'cmake_target_skip_unavailable': False, 'install_base': '/root/ros_ws/install/gps_simulator', 'merge_install': False, 'path': '/root/ros_ws/src/gps_simulator', 'symlink_install': False, 'test_result_base': None}
[0.604s] Level 5:colcon.colcon_core.verb:set package 'imu_node' build argument 'cmake_args' from command line to 'None'
[0.604s] Level 5:colcon.colcon_core.verb:set package 'imu_node' build argument 'cmake_target' from command line to 'None'
[0.604s] Level 5:colcon.colcon_core.verb:set package 'imu_node' build argument 'cmake_target_skip_unavailable' from command line to 'False'
[0.604s] Level 5:colcon.colcon_core.verb:set package 'imu_node' build argument 'cmake_clean_cache' from command line to 'False'
[0.604s] Level 5:colcon.colcon_core.verb:set package 'imu_node' build argument 'cmake_clean_first' from command line to 'False'
[0.605s] Level 5:colcon.colcon_core.verb:set package 'imu_node' build argument 'cmake_force_configure' from command line to 'False'
[0.605s] Level 5:colcon.colcon_core.verb:set package 'imu_node' build argument 'ament_cmake_args' from command line to 'None'
[0.605s] Level 5:colcon.colcon_core.verb:set package 'imu_node' build argument 'catkin_cmake_args' from command line to 'None'
[0.605s] Level 5:colcon.colcon_core.verb:set package 'imu_node' build argument 'catkin_skip_building_tests' from command line to 'False'
[0.605s] DEBUG:colcon.colcon_core.verb:Building package 'imu_node' with the following arguments: {'ament_cmake_args': None, 'build_base': '/root/ros_ws/build/imu_node', 'catkin_cmake_args': None, 'catkin_skip_building_tests': False, 'cmake_args': None, 'cmake_clean_cache': False, 'cmake_clean_first': False, 'cmake_force_configure': False, 'cmake_target': None, 'cmake_target_skip_unavailable': False, 'install_base': '/root/ros_ws/install/imu_node', 'merge_install': False, 'path': '/root/ros_ws/src/imu_node', 'symlink_install': False, 'test_result_base': None}
[0.605s] Level 5:colcon.colcon_core.verb:set package 'node_consigne' build argument 'cmake_args' from command line to 'None'
[0.605s] Level 5:colcon.colcon_core.verb:set package 'node_consigne' build argument 'cmake_target' from command line to 'None'
[0.605s] Level 5:colcon.colcon_core.verb:set package 'node_consigne' build argument 'cmake_target_skip_unavailable' from command line to 'False'
[0.605s] Level 5:colcon.colcon_core.verb:set package 'node_consigne' build argument 'cmake_clean_cache' from command line to 'False'
[0.605s] Level 5:colcon.colcon_core.verb:set package 'node_consigne' build argument 'cmake_clean_first' from command line to 'False'
[0.605s] Level 5:colcon.colcon_core.verb:set package 'node_consigne' build argument 'cmake_force_configure' from command line to 'False'
[0.605s] Level 5:colcon.colcon_core.verb:set package 'node_consigne' build argument 'ament_cmake_args' from command line to 'None'
[0.605s] Level 5:colcon.colcon_core.verb:set package 'node_consigne' build argument 'catkin_cmake_args' from command line to 'None'
[0.606s] Level 5:colcon.colcon_core.verb:set package 'node_consigne' build argument 'catkin_skip_building_tests' from command line to 'False'
[0.606s] DEBUG:colcon.colcon_core.verb:Building package 'node_consigne' with the following arguments: {'ament_cmake_args': None, 'build_base': '/root/ros_ws/build/node_consigne', 'catkin_cmake_args': None, 'catkin_skip_building_tests': False, 'cmake_args': None, 'cmake_clean_cache': False, 'cmake_clean_first': False, 'cmake_force_configure': False, 'cmake_target': None, 'cmake_target_skip_unavailable': False, 'install_base': '/root/ros_ws/install/node_consigne', 'merge_install': False, 'path': '/root/ros_ws/src/node_consigne', 'symlink_install': False, 'test_result_base': None}
[0.606s] INFO:colcon.colcon_core.executor:Executing jobs using 'parallel' executor
[0.608s] DEBUG:colcon.colcon_parallel_executor.executor.parallel:run_until_complete
[0.609s] INFO:colcon.colcon_ros.task.ament_python.build:Building ROS package in '/root/ros_ws/src/gps_simulator' with build type 'ament_python'
[0.609s] Level 1:colcon.colcon_core.shell:create_environment_hook('gps_simulator', 'ament_prefix_path')
[0.613s] INFO:colcon.colcon_core.plugin_system:Skipping extension 'colcon_core.shell.bat': Not used on non-Windows systems
[0.613s] INFO:colcon.colcon_core.shell:Creating environment hook '/root/ros_ws/install/gps_simulator/share/gps_simulator/hook/ament_prefix_path.ps1'
[0.614s] INFO:colcon.colcon_core.shell:Creating environment descriptor '/root/ros_ws/install/gps_simulator/share/gps_simulator/hook/ament_prefix_path.dsv'
[0.615s] INFO:colcon.colcon_core.shell:Creating environment hook '/root/ros_ws/install/gps_simulator/share/gps_simulator/hook/ament_prefix_path.sh'
[0.617s] INFO:colcon.colcon_core.shell:Skip shell extension 'powershell' for command environment: Not usable outside of PowerShell
[0.618s] DEBUG:colcon.colcon_core.shell:Skip shell extension 'dsv' for command environment
[0.625s] INFO:colcon.colcon_ros.task.ament_python.build:Building ROS package in '/root/ros_ws/src/imu_node' with build type 'ament_python'
[0.625s] Level 1:colcon.colcon_core.shell:create_environment_hook('imu_node', 'ament_prefix_path')
[0.625s] INFO:colcon.colcon_core.shell:Creating environment hook '/root/ros_ws/install/imu_node/share/imu_node/hook/ament_prefix_path.ps1'
[0.627s] INFO:colcon.colcon_core.shell:Creating environment descriptor '/root/ros_ws/install/imu_node/share/imu_node/hook/ament_prefix_path.dsv'
[0.628s] INFO:colcon.colcon_core.shell:Creating environment hook '/root/ros_ws/install/imu_node/share/imu_node/hook/ament_prefix_path.sh'
[0.631s] INFO:colcon.colcon_core.shell:Skip shell extension 'powershell' for command environment: Not usable outside of PowerShell
[0.631s] DEBUG:colcon.colcon_core.shell:Skip shell extension 'dsv' for command environment
[0.637s] INFO:colcon.colcon_ros.task.ament_python.build:Building ROS package in '/root/ros_ws/src/node_consigne' with build type 'ament_python'
[0.637s] Level 1:colcon.colcon_core.shell:create_environment_hook('node_consigne', 'ament_prefix_path')
[0.638s] INFO:colcon.colcon_core.shell:Creating environment hook '/root/ros_ws/install/node_consigne/share/node_consigne/hook/ament_prefix_path.ps1'
[0.639s] INFO:colcon.colcon_core.shell:Creating environment descriptor '/root/ros_ws/install/node_consigne/share/node_consigne/hook/ament_prefix_path.dsv'
[0.641s] INFO:colcon.colcon_core.shell:Creating environment hook '/root/ros_ws/install/node_consigne/share/node_consigne/hook/ament_prefix_path.sh'
[0.642s] INFO:colcon.colcon_core.shell:Skip shell extension 'powershell' for command environment: Not usable outside of PowerShell
[0.643s] DEBUG:colcon.colcon_core.shell:Skip shell extension 'dsv' for command environment
[1.144s] INFO:colcon.colcon_core.task.python.build:Building Python package in '/root/ros_ws/src/gps_simulator'
[1.145s] INFO:colcon.colcon_core.shell:Skip shell extension 'powershell' for command environment: Not usable outside of PowerShell
[1.145s] DEBUG:colcon.colcon_core.shell:Skip shell extension 'dsv' for command environment
[1.690s] INFO:colcon.colcon_core.task.python.build:Building Python package in '/root/ros_ws/src/imu_node'
[1.691s] INFO:colcon.colcon_core.shell:Skip shell extension 'powershell' for command environment: Not usable outside of PowerShell
[1.691s] DEBUG:colcon.colcon_core.shell:Skip shell extension 'dsv' for command environment
[2.170s] INFO:colcon.colcon_core.task.python.build:Building Python package in '/root/ros_ws/src/node_consigne'
[2.171s] INFO:colcon.colcon_core.shell:Skip shell extension 'powershell' for command environment: Not usable outside of PowerShell
[2.171s] DEBUG:colcon.colcon_core.shell:Skip shell extension 'dsv' for command environment
[2.842s] DEBUG:colcon.colcon_core.event_handler.log_command:Invoking command in '/root/ros_ws/src/gps_simulator': PYTHONPATH=/root/ros_ws/build/gps_simulator/prefix_override:/usr/lib/python3/dist-packages/colcon_core/task/python/colcon_distutils_commands:/root/ros_ws/install/gps_simulator/lib/python3.10/site-packages:${PYTHONPATH} /usr/bin/python3 -W ignore:setup.py install is deprecated -W ignore:easy_install command is deprecated setup.py egg_info --egg-base ../../build/gps_simulator build --build-base /root/ros_ws/build/gps_simulator/build install --record /root/ros_ws/build/gps_simulator/install.log --single-version-externally-managed install_data
[2.921s] DEBUG:colcon.colcon_core.event_handler.log_command:Invoking command in '/root/ros_ws/src/node_consigne': PYTHONPATH=/root/ros_ws/build/node_consigne/prefix_override:/usr/lib/python3/dist-packages/colcon_core/task/python/colcon_distutils_commands:/root/ros_ws/install/node_consigne/lib/python3.10/site-packages:${PYTHONPATH} /usr/bin/python3 -W ignore:setup.py install is deprecated -W ignore:easy_install command is deprecated setup.py egg_info --egg-base ../../build/node_consigne build --build-base /root/ros_ws/build/node_consigne/build install --record /root/ros_ws/build/node_consigne/install.log --single-version-externally-managed install_data
[2.997s] DEBUG:colcon.colcon_core.event_handler.log_command:Invoking command in '/root/ros_ws/src/imu_node': PYTHONPATH=/root/ros_ws/build/imu_node/prefix_override:/usr/lib/python3/dist-packages/colcon_core/task/python/colcon_distutils_commands:/root/ros_ws/install/imu_node/lib/python3.10/site-packages:${PYTHONPATH} /usr/bin/python3 -W ignore:setup.py install is deprecated -W ignore:easy_install command is deprecated setup.py egg_info --egg-base ../../build/imu_node build --build-base /root/ros_ws/build/imu_node/build install --record /root/ros_ws/build/imu_node/install.log --single-version-externally-managed install_data
[3.411s] DEBUG:colcon.colcon_core.event_handler.log_command:Invoked command in '/root/ros_ws/src/gps_simulator' returned '0': PYTHONPATH=/root/ros_ws/build/gps_simulator/prefix_override:/usr/lib/python3/dist-packages/colcon_core/task/python/colcon_distutils_commands:/root/ros_ws/install/gps_simulator/lib/python3.10/site-packages:${PYTHONPATH} /usr/bin/python3 -W ignore:setup.py install is deprecated -W ignore:easy_install command is deprecated setup.py egg_info --egg-base ../../build/gps_simulator build --build-base /root/ros_ws/build/gps_simulator/build install --record /root/ros_ws/build/gps_simulator/install.log --single-version-externally-managed install_data
[3.419s] Level 1:colcon.colcon_core.environment:checking '/root/ros_ws/install/gps_simulator' for CMake module files
[3.422s] Level 1:colcon.colcon_core.environment:checking '/root/ros_ws/install/gps_simulator' for CMake config files
[3.424s] Level 1:colcon.colcon_core.environment:checking '/root/ros_ws/install/gps_simulator/lib'
[3.427s] Level 1:colcon.colcon_core.environment:checking '/root/ros_ws/install/gps_simulator/bin'
[3.428s] Level 1:colcon.colcon_core.environment:checking '/root/ros_ws/install/gps_simulator/lib/pkgconfig/gps_simulator.pc'
[3.429s] Level 1:colcon.colcon_core.environment:checking '/root/ros_ws/install/gps_simulator/lib/python3.10/site-packages'
[3.430s] Level 1:colcon.colcon_core.shell:create_environment_hook('gps_simulator', 'pythonpath')
[3.431s] INFO:colcon.colcon_core.shell:Creating environment hook '/root/ros_ws/install/gps_simulator/share/gps_simulator/hook/pythonpath.ps1'
[3.447s] INFO:colcon.colcon_core.shell:Creating environment descriptor '/root/ros_ws/install/gps_simulator/share/gps_simulator/hook/pythonpath.dsv'
[3.449s] INFO:colcon.colcon_core.shell:Creating environment hook '/root/ros_ws/install/gps_simulator/share/gps_simulator/hook/pythonpath.sh'
[3.451s] Level 1:colcon.colcon_core.environment:checking '/root/ros_ws/install/gps_simulator/bin'
[3.451s] Level 1:colcon.colcon_core.environment:create_environment_scripts_only(gps_simulator)
[3.451s] INFO:colcon.colcon_core.shell:Creating package script '/root/ros_ws/install/gps_simulator/share/gps_simulator/package.ps1'
[3.454s] INFO:colcon.colcon_core.shell:Creating package descriptor '/root/ros_ws/install/gps_simulator/share/gps_simulator/package.dsv'
[3.455s] INFO:colcon.colcon_core.shell:Creating package script '/root/ros_ws/install/gps_simulator/share/gps_simulator/package.sh'
[3.457s] INFO:colcon.colcon_core.shell:Creating package script '/root/ros_ws/install/gps_simulator/share/gps_simulator/package.bash'
[3.458s] INFO:colcon.colcon_core.shell:Creating package script '/root/ros_ws/install/gps_simulator/share/gps_simulator/package.zsh'
[3.460s] Level 1:colcon.colcon_core.environment:create_file_with_runtime_dependencies(/root/ros_ws/install/gps_simulator/share/colcon-core/packages/gps_simulator)
[3.609s] Level 1:colcon.colcon_core.environment:checking '/root/ros_ws/install/node_consigne' for CMake module files
[3.613s] DEBUG:colcon.colcon_core.event_handler.log_command:Invoked command in '/root/ros_ws/src/node_consigne' returned '0': PYTHONPATH=/root/ros_ws/build/node_consigne/prefix_override:/usr/lib/python3/dist-packages/colcon_core/task/python/colcon_distutils_commands:/root/ros_ws/install/node_consigne/lib/python3.10/site-packages:${PYTHONPATH} /usr/bin/python3 -W ignore:setup.py install is deprecated -W ignore:easy_install command is deprecated setup.py egg_info --egg-base ../../build/node_consigne build --build-base /root/ros_ws/build/node_consigne/build install --record /root/ros_ws/build/node_consigne/install.log --single-version-externally-managed install_data
[3.614s] Level 1:colcon.colcon_core.environment:checking '/root/ros_ws/install/node_consigne' for CMake config files
[3.616s] Level 1:colcon.colcon_core.environment:checking '/root/ros_ws/install/node_consigne/lib'
[3.616s] Level 1:colcon.colcon_core.environment:checking '/root/ros_ws/install/node_consigne/bin'
[3.616s] Level 1:colcon.colcon_core.environment:checking '/root/ros_ws/install/node_consigne/lib/pkgconfig/node_consigne.pc'
[3.618s] Level 1:colcon.colcon_core.environment:checking '/root/ros_ws/install/node_consigne/lib/python3.10/site-packages'
[3.618s] Level 1:colcon.colcon_core.shell:create_environment_hook('node_consigne', 'pythonpath')
[3.619s] INFO:colcon.colcon_core.shell:Creating environment hook '/root/ros_ws/install/node_consigne/share/node_consigne/hook/pythonpath.ps1'
[3.620s] INFO:colcon.colcon_core.shell:Creating environment descriptor '/root/ros_ws/install/node_consigne/share/node_consigne/hook/pythonpath.dsv'
[3.623s] INFO:colcon.colcon_core.shell:Creating environment hook '/root/ros_ws/install/node_consigne/share/node_consigne/hook/pythonpath.sh'
[3.625s] Level 1:colcon.colcon_core.environment:checking '/root/ros_ws/install/node_consigne/bin'
[3.625s] Level 1:colcon.colcon_core.environment:create_environment_scripts_only(node_consigne)
[3.627s] INFO:colcon.colcon_core.shell:Creating package script '/root/ros_ws/install/node_consigne/share/node_consigne/package.ps1'
[3.629s] INFO:colcon.colcon_core.shell:Creating package descriptor '/root/ros_ws/install/node_consigne/share/node_consigne/package.dsv'
[3.630s] INFO:colcon.colcon_core.shell:Creating package script '/root/ros_ws/install/node_consigne/share/node_consigne/package.sh'
[3.633s] INFO:colcon.colcon_core.shell:Creating package script '/root/ros_ws/install/node_consigne/share/node_consigne/package.bash'
[3.635s] INFO:colcon.colcon_core.shell:Creating package script '/root/ros_ws/install/node_consigne/share/node_consigne/package.zsh'
[3.636s] Level 1:colcon.colcon_core.environment:create_file_with_runtime_dependencies(/root/ros_ws/install/node_consigne/share/colcon-core/packages/node_consigne)
[3.641s] Level 1:colcon.colcon_core.environment:checking '/root/ros_ws/install/imu_node' for CMake module files
[3.646s] Level 1:colcon.colcon_core.environment:checking '/root/ros_ws/install/imu_node' for CMake config files
[3.648s] Level 1:colcon.colcon_core.environment:checking '/root/ros_ws/install/imu_node/lib'
[3.649s] DEBUG:colcon.colcon_core.event_handler.log_command:Invoked command in '/root/ros_ws/src/imu_node' returned '0': PYTHONPATH=/root/ros_ws/build/imu_node/prefix_override:/usr/lib/python3/dist-packages/colcon_core/task/python/colcon_distutils_commands:/root/ros_ws/install/imu_node/lib/python3.10/site-packages:${PYTHONPATH} /usr/bin/python3 -W ignore:setup.py install is deprecated -W ignore:easy_install command is deprecated setup.py egg_info --egg-base ../../build/imu_node build --build-base /root/ros_ws/build/imu_node/build install --record /root/ros_ws/build/imu_node/install.log --single-version-externally-managed install_data
[3.650s] Level 1:colcon.colcon_core.environment:checking '/root/ros_ws/install/imu_node/bin'
[3.650s] Level 1:colcon.colcon_core.environment:checking '/root/ros_ws/install/imu_node/lib/pkgconfig/imu_node.pc'
[3.651s] Level 1:colcon.colcon_core.environment:checking '/root/ros_ws/install/imu_node/lib/python3.10/site-packages'
[3.651s] Level 1:colcon.colcon_core.shell:create_environment_hook('imu_node', 'pythonpath')
[3.651s] INFO:colcon.colcon_core.shell:Creating environment hook '/root/ros_ws/install/imu_node/share/imu_node/hook/pythonpath.ps1'
[3.653s] INFO:colcon.colcon_core.shell:Creating environment descriptor '/root/ros_ws/install/imu_node/share/imu_node/hook/pythonpath.dsv'
[3.655s] INFO:colcon.colcon_core.shell:Creating environment hook '/root/ros_ws/install/imu_node/share/imu_node/hook/pythonpath.sh'
[3.657s] Level 1:colcon.colcon_core.environment:checking '/root/ros_ws/install/imu_node/bin'
[3.658s] Level 1:colcon.colcon_core.environment:create_environment_scripts_only(imu_node)
[3.660s] INFO:colcon.colcon_core.shell:Creating package script '/root/ros_ws/install/imu_node/share/imu_node/package.ps1'
[3.663s] INFO:colcon.colcon_core.shell:Creating package descriptor '/root/ros_ws/install/imu_node/share/imu_node/package.dsv'
[3.665s] INFO:colcon.colcon_core.shell:Creating package script '/root/ros_ws/install/imu_node/share/imu_node/package.sh'
[3.666s] INFO:colcon.colcon_core.shell:Creating package script '/root/ros_ws/install/imu_node/share/imu_node/package.bash'
[3.669s] INFO:colcon.colcon_core.shell:Creating package script '/root/ros_ws/install/imu_node/share/imu_node/package.zsh'
[3.670s] Level 1:colcon.colcon_core.environment:create_file_with_runtime_dependencies(/root/ros_ws/install/imu_node/share/colcon-core/packages/imu_node)
[3.670s] DEBUG:colcon.colcon_parallel_executor.executor.parallel:closing loop
[3.671s] DEBUG:colcon.colcon_parallel_executor.executor.parallel:loop closed
[3.671s] DEBUG:colcon.colcon_parallel_executor.executor.parallel:run_until_complete finished with '0'
[3.671s] DEBUG:colcon.colcon_core.event_reactor:joining thread
[3.685s] INFO:colcon.colcon_core.plugin_system:Skipping extension 'colcon_notification.desktop_notification.notify_send': Could not find 'notify-send'
[3.686s] INFO:colcon.colcon_core.plugin_system:Skipping extension 'colcon_notification.desktop_notification.terminal_notifier': Not used on non-Darwin systems
[3.686s] INFO:colcon.colcon_core.plugin_system:Skipping extension 'colcon_notification.desktop_notification.win32': Not used on non-Windows systems
[3.686s] INFO:colcon.colcon_notification.desktop_notification:Sending desktop notification using 'notify2'
[3.686s] DEBUG:colcon.colcon_notification.desktop_notification.notify2:Failed to initialize notify2: org.freedesktop.DBus.Error.NotSupported: Unable to autolaunch a dbus-daemon without a $DISPLAY for X11
[3.687s] DEBUG:colcon.colcon_core.event_reactor:joined thread
[3.687s] INFO:colcon.colcon_core.shell:Creating prefix script '/root/ros_ws/install/local_setup.ps1'
[3.690s] INFO:colcon.colcon_core.shell:Creating prefix util module '/root/ros_ws/install/_local_setup_util_ps1.py'
[3.692s] INFO:colcon.colcon_core.shell:Creating prefix chain script '/root/ros_ws/install/setup.ps1'
[3.695s] INFO:colcon.colcon_core.shell:Creating prefix script '/root/ros_ws/install/local_setup.sh'
[3.697s] INFO:colcon.colcon_core.shell:Creating prefix util module '/root/ros_ws/install/_local_setup_util_sh.py'
[3.701s] INFO:colcon.colcon_core.shell:Creating prefix chain script '/root/ros_ws/install/setup.sh'
[3.704s] INFO:colcon.colcon_core.shell:Creating prefix script '/root/ros_ws/install/local_setup.bash'
[3.707s] INFO:colcon.colcon_core.shell:Creating prefix chain script '/root/ros_ws/install/setup.bash'
[3.715s] INFO:colcon.colcon_core.shell:Creating prefix script '/root/ros_ws/install/local_setup.zsh'
[3.717s] INFO:colcon.colcon_core.shell:Creating prefix chain script '/root/ros_ws/install/setup.zsh'
