running egg_info
writing ../../build/imu_node/imu_node.egg-info/PKG-INFO
writing dependency_links to ../../build/imu_node/imu_node.egg-info/dependency_links.txt
writing entry points to ../../build/imu_node/imu_node.egg-info/entry_points.txt
writing requirements to ../../build/imu_node/imu_node.egg-info/requires.txt
writing top-level names to ../../build/imu_node/imu_node.egg-info/top_level.txt
reading manifest file '../../build/imu_node/imu_node.egg-info/SOURCES.txt'
writing manifest file '../../build/imu_node/imu_node.egg-info/SOURCES.txt'
running build
running build_py
copying imu_node/imu_publisher_1.py -> /root/ros_ws/build/imu_node/build/lib/imu_node
copying imu_node/imu_publisher.py -> /root/ros_ws/build/imu_node/build/lib/imu_node
running install
running install_lib
copying /root/ros_ws/build/imu_node/build/lib/imu_node/imu_publisher_1.py -> /root/ros_ws/install/imu_node/lib/python3.10/site-packages/imu_node
copying /root/ros_ws/build/imu_node/build/lib/imu_node/imu_publisher.py -> /root/ros_ws/install/imu_node/lib/python3.10/site-packages/imu_node
byte-compiling /root/ros_ws/install/imu_node/lib/python3.10/site-packages/imu_node/imu_publisher_1.py to imu_publisher_1.cpython-310.pyc
byte-compiling /root/ros_ws/install/imu_node/lib/python3.10/site-packages/imu_node/imu_publisher.py to imu_publisher.cpython-310.pyc
running install_data
running install_egg_info
removing '/root/ros_ws/install/imu_node/lib/python3.10/site-packages/imu_node-0.0.0-py3.10.egg-info' (and everything under it)
Copying ../../build/imu_node/imu_node.egg-info to /root/ros_ws/install/imu_node/lib/python3.10/site-packages/imu_node-0.0.0-py3.10.egg-info
running install_scripts
Installing imu_publisher script to /root/ros_ws/install/imu_node/lib/imu_node
writing list of installed files to '/root/ros_ws/build/imu_node/install.log'
