[1.216s] Invoking command in '/root/ros_ws/src/imu_node': PYTHONPATH=/root/ros_ws/build/imu_node/prefix_override:/usr/lib/python3/dist-packages/colcon_core/task/python/colcon_distutils_commands:/root/ros_ws/install/imu_node/lib/python3.10/site-packages:${PYTHONPATH} /usr/bin/python3 -W ignore:setup.py install is deprecated -W ignore:easy_install command is deprecated setup.py egg_info --egg-base ../../build/imu_node build --build-base /root/ros_ws/build/imu_node/build install --record /root/ros_ws/build/imu_node/install.log --single-version-externally-managed install_data
[1.471s] running egg_info
[1.472s] writing ../../build/imu_node/imu_node.egg-info/PKG-INFO
[1.473s] writing dependency_links to ../../build/imu_node/imu_node.egg-info/dependency_links.txt
[1.474s] writing entry points to ../../build/imu_node/imu_node.egg-info/entry_points.txt
[1.474s] writing requirements to ../../build/imu_node/imu_node.egg-info/requires.txt
[1.475s] writing top-level names to ../../build/imu_node/imu_node.egg-info/top_level.txt
[1.479s] reading manifest file '../../build/imu_node/imu_node.egg-info/SOURCES.txt'
[1.480s] writing manifest file '../../build/imu_node/imu_node.egg-info/SOURCES.txt'
[1.480s] running build
[1.480s] running build_py
[1.480s] copying imu_node/imu_publisher_1.py -> /root/ros_ws/build/imu_node/build/lib/imu_node
[1.481s] copying imu_node/imu_publisher.py -> /root/ros_ws/build/imu_node/build/lib/imu_node
[1.481s] running install
[1.481s] running install_lib
[1.483s] copying /root/ros_ws/build/imu_node/build/lib/imu_node/imu_publisher_1.py -> /root/ros_ws/install/imu_node/lib/python3.10/site-packages/imu_node
[1.483s] copying /root/ros_ws/build/imu_node/build/lib/imu_node/imu_publisher.py -> /root/ros_ws/install/imu_node/lib/python3.10/site-packages/imu_node
[1.484s] byte-compiling /root/ros_ws/install/imu_node/lib/python3.10/site-packages/imu_node/imu_publisher_1.py to imu_publisher_1.cpython-310.pyc
[1.485s] byte-compiling /root/ros_ws/install/imu_node/lib/python3.10/site-packages/imu_node/imu_publisher.py to imu_publisher.cpython-310.pyc
[1.487s] running install_data
[1.487s] running install_egg_info
[1.490s] removing '/root/ros_ws/install/imu_node/lib/python3.10/site-packages/imu_node-0.0.0-py3.10.egg-info' (and everything under it)
[1.490s] Copying ../../build/imu_node/imu_node.egg-info to /root/ros_ws/install/imu_node/lib/python3.10/site-packages/imu_node-0.0.0-py3.10.egg-info
[1.491s] running install_scripts
[1.522s] Installing imu_publisher script to /root/ros_ws/install/imu_node/lib/imu_node
[1.522s] writing list of installed files to '/root/ros_ws/build/imu_node/install.log'
[1.610s] Invoked command in '/root/ros_ws/src/imu_node' returned '0': PYTHONPATH=/root/ros_ws/build/imu_node/prefix_override:/usr/lib/python3/dist-packages/colcon_core/task/python/colcon_distutils_commands:/root/ros_ws/install/imu_node/lib/python3.10/site-packages:${PYTHONPATH} /usr/bin/python3 -W ignore:setup.py install is deprecated -W ignore:easy_install command is deprecated setup.py egg_info --egg-base ../../build/imu_node build --build-base /root/ros_ws/build/imu_node/build install --record /root/ros_ws/build/imu_node/install.log --single-version-externally-managed install_data
