[1.262s] Invoking command in '/root/ros_ws/src/node_consigne': PYTHONPATH=/root/ros_ws/build/node_consigne/prefix_override:/usr/lib/python3/dist-packages/colcon_core/task/python/colcon_distutils_commands:/root/ros_ws/install/node_consigne/lib/python3.10/site-packages:${PYTHONPATH} /usr/bin/python3 -W ignore:setup.py install is deprecated -W ignore:easy_install command is deprecated setup.py egg_info --egg-base ../../build/node_consigne build --build-base /root/ros_ws/build/node_consigne/build install --record /root/ros_ws/build/node_consigne/install.log --single-version-externally-managed install_data
[1.513s] running egg_info
[1.514s] writing ../../build/node_consigne/node_consigne.egg-info/PKG-INFO
[1.515s] writing dependency_links to ../../build/node_consigne/node_consigne.egg-info/dependency_links.txt
[1.515s] writing entry points to ../../build/node_consigne/node_consigne.egg-info/entry_points.txt
[1.515s] writing requirements to ../../build/node_consigne/node_consigne.egg-info/requires.txt
[1.515s] writing top-level names to ../../build/node_consigne/node_consigne.egg-info/top_level.txt
[1.518s] reading manifest file '../../build/node_consigne/node_consigne.egg-info/SOURCES.txt'
[1.524s] writing manifest file '../../build/node_consigne/node_consigne.egg-info/SOURCES.txt'
[1.524s] running build
[1.525s] running build_py
[1.525s] running install
[1.526s] running install_lib
[1.528s] running install_data
[1.528s] running install_egg_info
[1.531s] removing '/root/ros_ws/install/node_consigne/lib/python3.10/site-packages/node_consigne-0.0.0-py3.10.egg-info' (and everything under it)
[1.531s] Copying ../../build/node_consigne/node_consigne.egg-info to /root/ros_ws/install/node_consigne/lib/python3.10/site-packages/node_consigne-0.0.0-py3.10.egg-info
[1.533s] running install_scripts
[1.563s] Installing node_consigne script to /root/ros_ws/install/node_consigne/lib/node_consigne
[1.564s] writing list of installed files to '/root/ros_ws/build/node_consigne/install.log'
[1.657s] Invoked command in '/root/ros_ws/src/node_consigne' returned '0': PYTHONPATH=/root/ros_ws/build/node_consigne/prefix_override:/usr/lib/python3/dist-packages/colcon_core/task/python/colcon_distutils_commands:/root/ros_ws/install/node_consigne/lib/python3.10/site-packages:${PYTHONPATH} /usr/bin/python3 -W ignore:setup.py install is deprecated -W ignore:easy_install command is deprecated setup.py egg_info --egg-base ../../build/node_consigne build --build-base /root/ros_ws/build/node_consigne/build install --record /root/ros_ws/build/node_consigne/install.log --single-version-externally-managed install_data
